Component: ARM Compiler 5.06 update 6 (build 750) Tool: armlink [4d35ed]

==============================================================================

Section Cross References

    main.o(.text) refers to delay.o(.text) for delay_init
    main.o(.text) refers to sys.o(.text) for NVIC_Config
    main.o(.text) refers to usart.o(.text) for uart1_init
    main.o(.text) refers to usart3.o(.text) for uart3_init
    main.o(.text) refers to tracking.o(.text) for Tracking_Usart2_Init
    main.o(.text) refers to oled.o(.text) for OLED_Init
    main.o(.text) refers to mpu6050.o(.text) for MPU_Init
    main.o(.text) refers to inv_mpu.o(.text) for mpu_dmp_init
    main.o(.text) refers to exti.o(.text) for MPU6050_EXTI_Init
    main.o(.text) refers to encoder.o(.text) for Encoder_TIM2_Init
    main.o(.text) refers to motor.o(.text) for Motor_Init
    main.o(.text) refers to pwm.o(.text) for PWM_Init_TIM1
    main.o(.text) refers to f2d.o(.text) for __aeabi_f2d
    main.o(.text) refers to dflti.o(.text) for __aeabi_i2d
    main.o(.text) refers to dmul.o(.text) for __aeabi_dmul
    main.o(.text) refers to dfixi.o(.text) for __aeabi_d2iz
    main.o(.text) refers to fflti.o(.text) for __aeabi_i2f
    main.o(.text) refers to fmul.o(.text) for __aeabi_fmul
    main.o(.text) refers to printfa.o(i.__0printf) for __2printf
    main.o(.text) refers to main.o(.data) for Pitch
    main.o(.text) refers to tracking.o(.data) for Tracking_IR_Data
    main.o(.text) refers to main.o(.conststring) for .conststring
    system_stm32f10x.o(.text) refers to system_stm32f10x.o(.data) for SystemCoreClock
    delay.o(.text) refers to misc.o(.text) for SysTick_CLKSourceConfig
    delay.o(.text) refers to system_stm32f10x.o(.data) for SystemCoreClock
    delay.o(.text) refers to delay.o(.data) for fac_us
    sys.o(.text) refers to misc.o(.text) for NVIC_PriorityGroupConfig
    usart.o(.text) refers to stm32f10x_rcc.o(.text) for RCC_APB2PeriphClockCmd
    usart.o(.text) refers to stm32f10x_gpio.o(.text) for GPIO_Init
    usart.o(.text) refers to stm32f10x_usart.o(.text) for USART_Init
    usart.o(.text) refers to usart.o(.data) for USART_RX_STA
    usart.o(.text) refers to usart.o(.bss) for USART_RX_BUF
    mpuiic.o(.text) refers to delay.o(.text) for delay_us
    mpuiic.o(.text) refers to stm32f10x_rcc.o(.text) for RCC_APB2PeriphClockCmd
    mpuiic.o(.text) refers to stm32f10x_gpio.o(.text) for GPIO_Init
    mpu6050.o(.text) refers to mpuiic.o(.text) for MPU_IIC_Start
    mpu6050.o(.text) refers to delay.o(.text) for delay_ms
    mpu6050.o(.text) refers to dflti.o(.text) for __aeabi_i2d
    mpu6050.o(.text) refers to ddiv.o(.text) for __aeabi_ddiv
    mpu6050.o(.text) refers to dadd.o(.text) for __aeabi_dadd
    mpu6050.o(.text) refers to d2f.o(.text) for __aeabi_d2f
    mpu6050.o(.text) refers to fmul.o(.text) for __aeabi_fmul
    mpu6050.o(.text) refers to ffixi.o(.text) for __aeabi_f2iz
    inv_mpu.o(.text) refers to mpu6050.o(.text) for MPU_Write_Len
    inv_mpu.o(.text) refers to printfa.o(i.__0printf) for __2printf
    inv_mpu.o(.text) refers to delay.o(.text) for delay_ms
    inv_mpu.o(.text) refers to inv_mpu.o(.data) for st
    inv_mpu.o(.text) refers to ffltui.o(.text) for __aeabi_ui2f
    inv_mpu.o(.text) refers to fflti.o(.text) for __aeabi_i2f
    inv_mpu.o(.text) refers to fadd.o(.text) for __aeabi_fsub
    inv_mpu.o(.text) refers to fdiv.o(.text) for __aeabi_fdiv
    inv_mpu.o(.text) refers to fmul.o(.text) for __aeabi_fmul
    inv_mpu.o(.text) refers to ffixi.o(.text) for __aeabi_f2iz
    inv_mpu.o(.text) refers to inv_mpu.o(.conststring) for .conststring
    inv_mpu.o(.text) refers to cfcmple.o(.text) for __aeabi_cfcmpeq
    inv_mpu.o(.text) refers to cfrcmple.o(.text) for __aeabi_cfrcmple
    inv_mpu.o(.text) refers to inv_mpu.o(.constdata) for test
    inv_mpu.o(.text) refers to ldiv.o(.text) for __aeabi_ldivmod
    inv_mpu.o(.text) refers to memcmp.o(.text) for memcmp
    inv_mpu.o(.text) refers to inv_mpu_dmp_motion_driver.o(.text) for dmp_set_gyro_bias
    inv_mpu.o(.text) refers to mpuiic.o(.text) for MPU_IIC_Init
    inv_mpu.o(.text) refers to f2d.o(.text) for __aeabi_f2d
    inv_mpu.o(.text) refers to asin.o(i.asin) for asin
    inv_mpu.o(.text) refers to dmul.o(.text) for __aeabi_dmul
    inv_mpu.o(.text) refers to d2f.o(.text) for __aeabi_d2f
    inv_mpu.o(.text) refers to atan2.o(i.atan2) for atan2
    inv_mpu.o(.data) refers to inv_mpu.o(.constdata) for reg
    inv_mpu_dmp_motion_driver.o(.text) refers to inv_mpu.o(.text) for mpu_load_firmware
    inv_mpu_dmp_motion_driver.o(.text) refers to inv_mpu_dmp_motion_driver.o(.constdata) for dmp_memory
    inv_mpu_dmp_motion_driver.o(.text) refers to inv_mpu_dmp_motion_driver.o(.bss) for dmp
    inv_mpu_dmp_motion_driver.o(.text) refers to ffltui.o(.text) for __aeabi_ui2f
    inv_mpu_dmp_motion_driver.o(.text) refers to fdiv.o(.text) for __aeabi_fdiv
    inv_mpu_dmp_motion_driver.o(.text) refers to fmul.o(.text) for __aeabi_fmul
[...]
    .text                                    0x08007cec   Section        0  llushr.o(.text)
    .text                                    0x08007d0c   Section        0  llsshr.o(.text)
    .text                                    0x08007d30   Section        0  scanf_char.o(.text)
    _scanf_char_input                        0x08007d31   Thumb Code    12  scanf_char.o(.text)
    .text                                    0x08007d58   Section        0  _sgetc.o(.text)
    .text                                    0x08007d98   Section        0  strtol.o(.text)
    .text                                    0x08007e08   Section        0  fepilogue.o(.text)
    .text                                    0x08007e08   Section        0  iusefp.o(.text)
    .text                                    0x08007e76   Section        0  depilogue.o(.text)
    .text                                    0x08007f30   Section        0  dscalb.o(.text)
    .text                                    0x08007f5e   Section        0  dfixul.o(.text)
    .text                                    0x08007f90   Section       48  cdrcmple.o(.text)
    .text                                    0x08007fc0   Section       36  init.o(.text)
    .text                                    0x08007fe4   Section        0  ctype_o.o(.text)
    .text                                    0x08007fec   Section        0  isspace_o.o(.text)
    .text                                    0x08008000   Section        0  _scanf.o(.text)
    .text                                    0x0800832c   Section        0  _strtoul.o(.text)
    .text                                    0x080083ca   Section        0  dsqrt.o(.text)
    .text                                    0x0800846c   Section        0  _chval.o(.text)
    .text                                    0x08008488   Section        0  __dczerorl2.o(.text)
    i.__0printf                              0x080084e0   Section        0  printfa.o(i.__0printf)
    i.__ARM_fpclassify                       0x08008500   Section        0  fpclassify.o(i.__ARM_fpclassify)
    i.__aeabi_errno_addr                     0x08008528   Section        0  errno.o(i.__aeabi_errno_addr)
    i.__kernel_poly                          0x08008530   Section        0  poly.o(i.__kernel_poly)
    i.__mathlib_dbl_infnan                   0x080085da   Section        0  dunder.o(i.__mathlib_dbl_infnan)
    i.__mathlib_dbl_infnan2                  0x080085e0   Section        0  dunder.o(i.__mathlib_dbl_infnan2)
    i.__mathlib_dbl_invalid                  0x080085e4   Section        0  dunder.o(i.__mathlib_dbl_invalid)
    i.__mathlib_dbl_underflow                0x080085f0   Section        0  dunder.o(i.__mathlib_dbl_underflow)
    i.__scatterload_copy                     0x08008600   Section       14  handlers.o(i.__scatterload_copy)
    i.__scatterload_null                     0x0800860e   Section        2  handlers.o(i.__scatterload_null)
    i.__scatterload_zeroinit                 0x08008610   Section       14  handlers.o(i.__scatterload_zeroinit)
    i.__set_errno                            0x08008620   Section        0  errno.o(i.__set_errno)
    i._fp_digits                             0x0800862c   Section        0  printfa.o(i._fp_digits)
    _fp_digits                               0x0800862d   Thumb Code   366  printfa.o(i._fp_digits)
    i._printf_core                           0x080087b0   Section        0  printfa.o(i._printf_core)
    _printf_core                             0x080087b1   Thumb Code  1744  printfa.o(i._printf_core)
    i._printf_post_padding                   0x08008e8c   Section        0  printfa.o(i._printf_post_padding)
    _printf_post_padding                     0x08008e8d   Thumb Code    36  printfa.o(i._printf_post_padding)
    i._printf_pre_padding                    0x08008eb0   Section        0  printfa.o(i._printf_pre_padding)
    _printf_pre_padding                      0x08008eb1   Thumb Code    46  printfa.o(i._printf_pre_padding)
    i.asin                                   0x08008ee0   Section        0  asin.o(i.asin)
    i.atan                                   0x08009150   Section        0  atan.o(i.atan)
    i.atan2                                  0x08009370   Section        0  atan2.o(i.atan2)
    i.sqrt                                   0x080094f0   Section        0  sqrt.o(i.sqrt)
    .constdata                               0x0800953c   Section       80  inv_mpu.o(.constdata)
    .constdata                               0x0800958c   Section     3062  inv_mpu_dmp_motion_driver.o(.constdata)
    dmp_memory                               0x0800958c   Data        3062  inv_mpu_dmp_motion_driver.o(.constdata)
    .constdata                               0x0800a182   Section     2072  oled.o(.constdata)
    .constdata                               0x0800a99c   Section       32  tracking.o(.constdata)
    tracking_weights                         0x0800a99c   Data          32  tracking.o(.constdata)
    .constdata                               0x0800a9c0   Section       80  asin.o(.constdata)
    pS                                       0x0800a9c0   Data          48  asin.o(.constdata)
    qS                                       0x0800a9f0   Data          32  asin.o(.constdata)
    .constdata                               0x0800aa10   Section      152  atan.o(.constdata)
    atanhi                                   0x0800aa10   Data          32  atan.o(.constdata)
    atanlo                                   0x0800aa30   Data          32  atan.o(.constdata)
    aTodd                                    0x0800aa50   Data          40  atan.o(.constdata)
    aTeven                                   0x0800aa78   Data          48  atan.o(.constdata)
    .constdata                               0x0800aaa8   Section        8  qnan.o(.constdata)
    .constdata                               0x0800aab0   Section      129  ctype_o.o(.constdata)
    .constdata                               0x0800ab34   Section        4  ctype_o.o(.constdata)
    table                                    0x0800ab34   Data           4  ctype_o.o(.constdata)
    .conststring                             0x0800ab38   Section      129  main.o(.conststring)
    .conststring                             0x0800abbc   Section       77  inv_mpu.o(.conststring)
    .data                                    0x20000000   Section       48  main.o(.data)
    .data                                    0x20000030   Section       20  system_stm32f10x.o(.data)
    .data                                    0x20000044   Section        4  delay.o(.data)
    fac_us                                   0x20000044   Data           1  delay.o(.data)
    fac_ms                                   0x20000046   Data           2  delay.o(.data)
    .data                                    0x20000048   Section        5  usart.o(.data)
    .data                                    0x20000050   Section       53  inv_mpu.o(.data)
    st                                       0x20000050   Data          44  inv_mpu.o(.data)
    gyro_orientation                         0x2000007c   Data           9  inv_mpu.o(.data)
    .data                                    0x20000085   Section      896  oled.o(.data)
    .data                                    0x20000408   Section       68  control.o(.data)
    Encoder_S                                0x20000438   Data           4  control.o(.data)
    EnC_Err_Lowout_last                      0x2000043c   Data           4  control.o(.data)
    PWM_out                                  0x20000440   Data           4  control.o(.data)
    Encoder_Err                              0x20000444   Data           4  control.o(.data)
    EnC_Err_Lowout                           0x20000448   Data           4  control.o(.data)
    .data                                    0x2000044c   Section        2  motor.o(.data)
    .data                                    0x2000044e   Section       13  usart3.o(.data)
    g_k230_color                             0x20000452   Data           6  usart3.o(.data)
    g_k230_frame_counter                     0x20000458   Data           1  usart3.o(.data)
    start                                    0x20000459   Data           1  usart3.o(.data)
    index                                    0x2000045a   Data           1  usart3.o(.data)
    .data                                    0x2000045c   Section       28  tracking.o(.data)
    tracking_irq_fifo_head                   0x20000466   Data           2  tracking.o(.data)
    tracking_irq_fifo_tail                   0x20000468   Data           2  tracking.o(.data)
    tracking_active                          0x2000046a   Data           1  tracking.o(.data)
    tracking_error                           0x2000046c   Data           4  tracking.o(.data)
    start                                    0x20000470   Data           1  tracking.o(.data)
    step                                     0x20000471   Data           1  tracking.o(.data)
    integral                                 0x20000474   Data           4  tracking.o(.data)
    .data                                    0x20000478   Section       20  stm32f10x_rcc.o(.data)
    APBAHBPrescTable                         0x20000478   Data          16  stm32f10x_rcc.o(.data)
    ADCPrescTable                            0x20000488   Data           4  stm32f10x_rcc.o(.data)
    .data                                    0x2000048c   Section        4  errno.o(.data)
    _errno                                   0x2000048c   Data           4  errno.o(.data)
    .bss                                     0x20000490   Section       64  usart.o(.bss)
    .bss                                     0x200004d0   Section       16  inv_mpu_dmp_motion_driver.o(.bss)
    dmp                                      0x200004d0   Data          16  inv_mpu_dmp_motion_driver.o(.bss)
    .bss                                     0x200004e0   Section       32  usart3.o(.bss)
    g_k230_rx_buf                            0x200004e0   Data          32  usart3.o(.bss)
    .bss                                     0x20000500   Section      316  tracking.o(.bss)
    tracking_rx_buff                         0x20000510   Data         100  tracking.o(.bss)
    tracking_new_package                     0x20000574   Data         100  tracking.o(.bss)
    tracking_irq_fifo                        0x200005d8   Data         100  tracking.o(.bss)
    STACK                                    0x20000640   Section     1024  startup_stm32f10x_md.o(STACK)

    Global Symbols

    Symbol Name                              Value     Ov Type        Size  Object(Section)

    BuildAttributes$$THM_ISAv4$P$D$K$B$S$PE$A:L22UL41UL21$X:L11$S22US41US21$IEEE1$IW$USESV6$~STKCKD$USESV7$~SHL$OTIME$ROPI$IEEEX$EBA8$MICROLIB$REQ8$PRES8$EABIv2 0x00000000   Number         0  anon$$obj.o ABSOLUTE
    __ARM_use_no_argv                        0x00000000   Number         0  main.o ABSOLUTE
    __use_no_errno                           0x00000000   Number         0  useno.o ABSOLUTE
    __use_no_exception_handling              0x00000000   Number         0  useno.o ABSOLUTE
    __use_no_fp                              0x00000000   Number         0  useno.o ABSOLUTE
    __use_no_heap                            0x00000000   Number         0  useno.o ABSOLUTE
    __use_no_heap_region                     0x00000000   Number         0  useno.o ABSOLUTE
    __use_no_semihosting                     0x00000000   Number         0  useno.o ABSOLUTE
    __use_no_semihosting_swi                 0x00000000   Number         0  useno.o ABSOLUTE
    __use_no_signal_handling                 0x00000000   Number         0  useno.o ABSOLUTE
    _printf_a                                0x00000000   Number         0  stubs.o ABSOLUTE
    _printf_c                                0x00000000   Number         0  stubs.o ABSOLUTE
    _printf_charcount                        0x00000000   Number         0  stubs.o ABSOLUTE
    _printf_d                                0x00000000   Number         0  stubs.o ABSOLUTE
    _printf_e                                0x00000000   Number         0  stubs.o ABSOLUTE
    _printf_f                                0x00000000   Number         0  stubs.o ABSOLUTE
    _printf_flags                            0x00000000   Number         0  stubs.o ABSOLUTE
    _printf_fp_dec                           0x00000000   Number         0  stubs.o ABSOLUTE
    _printf_fp_hex                           0x00000000   Number         0  stubs.o ABSOLUTE
    _printf_g                                0x00000000   Number         0  stubs.o ABSOLUTE
    _printf_i                                0x00000000   Number         0  stubs.o ABSOLUTE
    _printf_int_dec                          0x00000000   Number         0  stubs.o ABSOLUTE
    _printf_l                                0x00000000   Number         0  stubs.o ABSOLUTE
    _printf_lc                               0x00000000   Number         0  stubs.o ABSOLUTE
    _printf_ll                               0x00000000   Number         0  stubs.o ABSOLUTE
    _printf_lld                              0x00000000   Number         0  stubs.o ABSOLUTE
    _printf_lli                              0x00000000   Number         0  stubs.o ABSOLUTE
    _printf_llo                              0x00000000   Number         0  stubs.o ABSOLUTE
    _printf_llu                              0x00000000   Number         0  stubs.o ABSOLUTE
    _printf_llx                              0x00000000   Number         0  stubs.o ABSOLUTE
    _printf_longlong_dec                     0x00000000   Number         0  stubs.o ABSOLUTE
    _printf_longlong_hex                     0x00000000   Number         0  stubs.o ABSOLUTE
    _printf_longlong_oct                     0x00000000   Number         0  stubs.o ABSOLUTE
    _printf_ls                               0x00000000   Number         0  stubs.o ABSOLUTE
    _printf_mbtowc                           0x00000000   Number         0  stubs.o ABSOLUTE
    _printf_n                                0x00000000   Number         0  stubs.o ABSOLUTE
    _printf_o                                0x00000000   Number         0  stubs.o ABSOLUTE
    _printf_p                                0x00000000   Number         0  stubs.o ABSOLUTE
    _printf_percent                          0x00000000   Number         0  stubs.o ABSOLUTE
    _printf_pre_padding                      0x00000000   Number         0  stubs.o ABSOLUTE
    _printf_return_value                     0x00000000   Number         0  stubs.o ABSOLUTE
    _printf_s                                0x00000000   Number         0  stubs.o ABSOLUTE
    _printf_sizespec                         0x00000000   Number         0  stubs.o ABSOLUTE
    _printf_str                              0x00000000   Number         0  stubs.o ABSOLUTE
    _printf_truncate_signed                  0x00000000   Number         0  stubs.o ABSOLUTE
    _printf_truncate_unsigned                0x00000000   Number         0  stubs.o ABSOLUTE
    _printf_u                                0x00000000   Number         0  stubs.o ABSOLUTE
    _printf_wc                               0x00000000   Number         0  stubs.o ABSOLUTE
    _printf_wctomb                           0x00000000   Number         0  stubs.o ABSOLUTE
    _printf_widthprec                        0x00000000   Number         0  stubs.o ABSOLUTE
    _printf_x                                0x00000000   Number         0  stubs.o ABSOLUTE
    __cpp_initialize__aeabi_                  - Undefined Weak Reference
    __cxa_finalize                            - Undefined Weak Reference
    _clock_init                               - Undefined Weak Reference
    _microlib_exit                            - Undefined Weak Reference
    _scanf_int                                - Undefined Weak Reference
    _scanf_longlong                           - Undefined Weak Reference
    _scanf_real                               - Undefined Weak Reference
    __Vectors_Size                           0x000000ec   Number         0  startup_stm32f10x_md.o ABSOLUTE
    __Vectors                                0x08000000   Data           4  startup_stm32f10x_md.o(RESET)
    __Vectors_End                            0x080000ec   Data           0  startup_stm32f10x_md.o(RESET)
    __main                                   0x080000ed   Thumb Code     0  entry.o(.ARM.Collect$$$$00000000)
    _main_stk                                0x080000ed   Thumb Code     0  entry2.o(.ARM.Collect$$$$00000001)
    _main_scatterload                        0x080000f1   Thumb Code     0  entry5.o(.ARM.Collect$$$$00000004)
    __main_after_scatterload                 0x080000f5   Thumb Code     0  entry5.o(.ARM.Collect$$$$00000004)
    _main_clock                              0x080000f5   Thumb Code     0  entry7b.o(.ARM.Collect$$$$00000008)
    _main_cpp_init                           0x080000f5   Thumb Code     0  entry8b.o(.ARM.Collect$$$$0000000A)
    _main_init                               0x080000f5   Thumb Code     0  entry9a.o(.ARM.Collect$$$$0000000B)
    __rt_final_cpp                           0x080000fd   Thumb Code     0  entry10a.o(.ARM.Collect$$$$0000000D)
    __rt_final_exit                          0x080000fd   Thumb Code     0  entry11a.o(.ARM.Collect$$$$0000000F)
    main                                     0x08000101   Thumb Code   402  main.o(.text)
    NMI_Handler                              0x080002d5   Thumb Code     2  stm32f10x_it.o(.text)
    HardFault_Handler                        0x080002d7   Thumb Code     4  stm32f10x_it.o(.text)
    MemManage_Handler                        0x080002db   Thumb Code     4  stm32f10x_it.o(.text)
    BusFault_Handler                         0x080002df   Thumb Code     4  stm32f10x_it.o(.text)
    UsageFault_Handler                       0x080002e3   Thumb Code     4  stm32f10x_it.o(.text)
    SVC_Handler                              0x080002e7   Thumb Code     2  stm32f10x_it.o(.text)
    DebugMon_Handler                         0x080002e9   Thumb Code     2  stm32f10x_it.o(.text)
    PendSV_Handler                           0x080002eb   Thumb Code     2  stm32f10x_it.o(.text)
    SysTick_Handler                          0x080002ed   Thumb Code     2  stm32f10x_it.o(.text)
    SystemInit                               0x080003cf   Thumb Code    78  system_stm32f10x.o(.text)
    SystemCoreClockUpdate                    0x0800041d   Thumb Code   142  system_stm32f10x.o(.text)
    delay_init                               0x080004d1   Thumb Code    50  delay.o(.text)
    delay_us                                 0x08000503   Thumb Code    72  delay.o(.text)
    delay_ms                                 0x0800054b   Thumb Code    72  delay.o(.text)
    NVIC_Config                              0x080005a5   Thumb Code    98  sys.o(.text)
    _sys_exit                                0x08000609   Thumb Code     4  usart.o(.text)
    fputc                                    0x0800060d   Thumb Code    24  usart.o(.text)
    uart1_init                               0x08000625   Thumb Code   124  usart.o(.text)
    USART1_IRQHandler                        0x080006a1   Thumb Code   122  usart.o(.text)
    MPU_IIC_Delay                            0x0800072d   Thumb Code    10  mpuiic.o(.text)
    MPU_IIC_Init                             0x08000737   Thumb Code    38  mpuiic.o(.text)
    MPU_IIC_Start                            0x0800075d   Thumb Code    60  mpuiic.o(.text)
    MPU_IIC_Stop                             0x08000799   Thumb Code    62  mpuiic.o(.text)
    MPU_IIC_Wait_Ack                         0x080007d7   Thumb Code    86  mpuiic.o(.text)
    MPU_IIC_Ack                              0x0800082d   Thumb Code    66  mpuiic.o(.text)
    MPU_IIC_NAck                             0x0800086f   Thumb Code    66  mpuiic.o(.text)
    MPU_IIC_Send_Byte                        0x080008b1   Thumb Code    82  mpuiic.o(.text)
    MPU_IIC_Read_Byte                        0x08000903   Thumb Code    96  mpuiic.o(.text)
    MPU_Write_Byte                           0x08000971   Thumb Code    68  mpu6050.o(.text)
    MPU_Set_LPF                              0x080009b5   Thumb Code    58  mpu6050.o(.text)
    MPU_Set_Rate                             0x080009ef   Thumb Code    58  mpu6050.o(.text)
    MPU_Read_Byte                            0x08000a29   Thumb Code    58  mpu6050.o(.text)
    MPU_Set_Accel_Fsr                        0x08000a63   Thumb Code    16  mpu6050.o(.text)
    MPU_Set_Gyro_Fsr                         0x08000a73   Thumb Code    16  mpu6050.o(.text)
    MPU_Init                                 0x08000a83   Thumb Code   122  mpu6050.o(.text)
    MPU_Read_Len                             0x08000afd   Thumb Code   116  mpu6050.o(.text)
    MPU_Get_Temperature                      0x08000b71   Thumb Code    86  mpu6050.o(.text)
    MPU_Get_Gyroscope                        0x08000bc7   Thumb Code    80  mpu6050.o(.text)
    MPU_Get_Accelerometer                    0x08000c17   Thumb Code    80  mpu6050.o(.text)
    MPU_Write_Len                            0x08000c67   Thumb Code    96  mpu6050.o(.text)
    mpu_reg_dump                             0x08000d63   Thumb Code    84  inv_mpu.o(.text)
    mpu_read_reg                             0x08000db7   Thumb Code    66  inv_mpu.o(.text)
    mpu_set_int_latched                      0x08000df9   Thumb Code   102  inv_mpu.o(.text)
    mpu_set_sensors                          0x08000e5f   Thumb Code   202  inv_mpu.o(.text)
    mpu_set_bypass                           0x08000f29   Thumb Code   328  inv_mpu.o(.text)
    mpu_reset_fifo                           0x08001071   Thumb Code   472  inv_mpu.o(.text)
    mpu_configure_fifo                       0x08001249   Thumb Code   106  inv_mpu.o(.text)
    mpu_set_lpf                              0x080012b3   Thumb Code   126  inv_mpu.o(.text)
    mpu_lp_accel_mode                        0x08001331   Thumb Code   218  inv_mpu.o(.text)
    mpu_set_sample_rate                      0x0800140b   Thumb Code   152  inv_mpu.o(.text)
    mpu_set_accel_fsr                        0x080014a3   Thumb Code   132  inv_mpu.o(.text)
    mpu_set_gyro_fsr                         0x08001527   Thumb Code   132  inv_mpu.o(.text)
    mpu_init                                 0x080015ab   Thumb Code   416  inv_mpu.o(.text)
    mget_ms                                  0x0800174b   Thumb Code     2  inv_mpu.o(.text)
    mpu_get_gyro_reg                         0x0800174d   Thumb Code   110  inv_mpu.o(.text)
    mpu_get_accel_reg                        0x080017bb   Thumb Code   110  inv_mpu.o(.text)
    mpu_get_temperature                      0x08001829   Thumb Code   150  inv_mpu.o(.text)
    mpu_set_accel_bias                       0x080018bf   Thumb Code   468  inv_mpu.o(.text)
    mpu_get_gyro_fsr                         0x08001a93   Thumb Code    64  inv_mpu.o(.text)
    mpu_get_accel_fsr                        0x08001ad3   Thumb Code    72  inv_mpu.o(.text)
    mpu_get_lpf                              0x08001b1b   Thumb Code    74  inv_mpu.o(.text)
    mpu_get_sample_rate                      0x08001b65   Thumb Code    26  inv_mpu.o(.text)
    mpu_get_compass_sample_rate              0x08001b7f   Thumb Code    10  inv_mpu.o(.text)
    mpu_set_compass_sample_rate              0x08001b89   Thumb Code     8  inv_mpu.o(.text)
    mpu_get_gyro_sens                        0x08001b91   Thumb Code    58  inv_mpu.o(.text)
    mpu_get_accel_sens                       0x08001bcb   Thumb Code    78  inv_mpu.o(.text)
    mpu_get_fifo_config                      0x08001c19   Thumb Code    12  inv_mpu.o(.text)
    mpu_get_power_state                      0x08001c25   Thumb Code    22  inv_mpu.o(.text)
    mpu_get_int_status                       0x08001c3b   Thumb Code    64  inv_mpu.o(.text)
    mpu_read_fifo                            0x08001c7b   Thumb Code   520  inv_mpu.o(.text)
    mpu_read_fifo_stream                     0x08001e83   Thumb Code   186  inv_mpu.o(.text)
    mpu_set_int_level                        0x08001f3d   Thumb Code    12  inv_mpu.o(.text)
    mpu_set_dmp_state                        0x0800261d   Thumb Code   138  inv_mpu.o(.text)
    mpu_run_self_test                        0x080026a7   Thumb Code   278  inv_mpu.o(.text)
    mpu_write_mem                            0x080027bd   Thumb Code   122  inv_mpu.o(.text)
    mpu_read_mem                             0x08002837   Thumb Code   122  inv_mpu.o(.text)
    mpu_load_firmware                        0x080028b1   Thumb Code   190  inv_mpu.o(.text)
    mpu_get_dmp_state                        0x0800296f   Thumb Code    14  inv_mpu.o(.text)
    setup_compass                            0x0800297d   Thumb Code     6  inv_mpu.o(.text)
    mpu_get_compass_reg                      0x08002983   Thumb Code     8  inv_mpu.o(.text)
    mpu_get_compass_fsr                      0x0800298b   Thumb Code     8  inv_mpu.o(.text)
    mpu_lp_motion_interrupt                  0x08002993   Thumb Code   512  inv_mpu.o(.text)
    run_self_test                            0x08002b93   Thumb Code   148  inv_mpu.o(.text)
    inv_row_2_scale                          0x08002c27   Thumb Code    78  inv_mpu.o(.text)
    inv_orientation_matrix_to_scalar         0x08002c75   Thumb Code    40  inv_mpu.o(.text)
    mpu_dmp_init                             0x08002c9d   Thumb Code   148  inv_mpu.o(.text)
    mpu_dmp_get_data                         0x08002d31   Thumb Code   554  inv_mpu.o(.text)
    dmp_load_motion_driver_firmware          0x08002f61   Thumb Code    20  inv_mpu_dmp_motion_driver.o(.text)
    dmp_set_orientation                      0x08002f75   Thumb Code   290  inv_mpu_dmp_motion_driver.o(.text)
    dmp_set_gyro_bias                        0x08003097   Thumb Code   294  inv_mpu_dmp_motion_driver.o(.text)
    dmp_set_accel_bias                       0x080031bd   Thumb Code   300  inv_mpu_dmp_motion_driver.o(.text)
    dmp_set_fifo_rate                        0x080032e9   Thumb Code   136  inv_mpu_dmp_motion_driver.o(.text)
    dmp_get_fifo_rate                        0x08003371   Thumb Code    12  inv_mpu_dmp_motion_driver.o(.text)
    dmp_set_tap_thresh                       0x0800337d   Thumb Code   396  inv_mpu_dmp_motion_driver.o(.text)
    dmp_set_tap_axes                         0x08003509   Thumb Code    70  inv_mpu_dmp_motion_driver.o(.text)
    dmp_set_tap_count                        0x0800354f   Thumb Code    38  inv_mpu_dmp_motion_driver.o(.text)
    dmp_set_tap_time                         0x08003575   Thumb Code    38  inv_mpu_dmp_motion_driver.o(.text)
    dmp_set_tap_time_multi                   0x0800359b   Thumb Code    38  inv_mpu_dmp_motion_driver.o(.text)
    dmp_set_shake_reject_thresh              0x080035c1   Thumb Code    56  inv_mpu_dmp_motion_driver.o(.text)
    dmp_set_shake_reject_time                0x080035f9   Thumb Code    38  inv_mpu_dmp_motion_driver.o(.text)
    dmp_set_shake_reject_timeout             0x0800361f   Thumb Code    38  inv_mpu_dmp_motion_driver.o(.text)
    dmp_get_pedometer_step_count             0x08003645   Thumb Code    66  inv_mpu_dmp_motion_driver.o(.text)
    dmp_set_pedometer_step_count             0x08003687   Thumb Code    42  inv_mpu_dmp_motion_driver.o(.text)
    dmp_get_pedometer_walk_time              0x080036b1   Thumb Code    72  inv_mpu_dmp_motion_driver.o(.text)
    dmp_set_pedometer_walk_time              0x080036f9   Thumb Code    48  inv_mpu_dmp_motion_driver.o(.text)
    dmp_enable_6x_lp_quat                    0x08003729   Thumb Code    84  inv_mpu_dmp_motion_driver.o(.text)
    dmp_enable_lp_quat                       0x0800377d   Thumb Code    60  inv_mpu_dmp_motion_driver.o(.text)
    dmp_enable_gyro_cal                      0x080037b9   Thumb Code    62  inv_mpu_dmp_motion_driver.o(.text)
    dmp_enable_feature                       0x080037f7   Thumb Code   530  inv_mpu_dmp_motion_driver.o(.text)
    dmp_get_enabled_features                 0x08003a09   Thumb Code    12  inv_mpu_dmp_motion_driver.o(.text)
    dmp_set_interrupt_mode                   0x08003a73   Thumb Code    66  inv_mpu_dmp_motion_driver.o(.text)
    dmp_read_fifo                            0x08003ab5   Thumb Code   514  inv_mpu_dmp_motion_driver.o(.text)
    dmp_register_tap_cb                      0x08003cb7   Thumb Code    10  inv_mpu_dmp_motion_driver.o(.text)
    dmp_register_android_orient_cb           0x08003cc1   Thumb Code    10  inv_mpu_dmp_motion_driver.o(.text)
    OLED_IIC_Start                           0x08003cd1   Thumb Code    44  oled.o(.text)
    OLED_IIC_Stop                            0x08003cfd   Thumb Code    34  oled.o(.text)
    OLED_IIC_Wait_Ack                        0x08003d1f   Thumb Code    24  oled.o(.text)
    OLED_Write_IIC_Byte                      0x08003d37   Thumb Code    88  oled.o(.text)
    OLED_Write_IIC_Command                   0x08003d8f   Thumb Code    44  oled.o(.text)
    OLED_Write_IIC_Data                      0x08003dbb   Thumb Code    44  oled.o(.text)
    OLED_WR_Byte                             0x08003de7   Thumb Code    24  oled.o(.text)
    fill_picture                             0x08003dff   Thumb Code    64  oled.o(.text)
    Delay_50ms                               0x08003e3f   Thumb Code    22  oled.o(.text)
    Delay_1ms                                0x08003e55   Thumb Code    26  oled.o(.text)
    OLED_Set_Pos                             0x08003e6f   Thumb Code    40  oled.o(.text)
    OLED_Display_On                          0x08003e97   Thumb Code    28  oled.o(.text)
    OLED_Display_Off                         0x08003eb3   Thumb Code    28  oled.o(.text)
    OLED_Clear                               0x08003ecf   Thumb Code    62  oled.o(.text)
    OLED_On                                  0x08003f0d   Thumb Code    62  oled.o(.text)
    OLED_ShowChar                            0x08003f4b   Thumb Code   154  oled.o(.text)
    oled_pow                                 0x08003fe5   Thumb Code    22  oled.o(.text)
    OLED_ShowNumber                          0x08003ffb   Thumb Code   136  oled.o(.text)
    OLED_ShowString                          0x08004083   Thumb Code    66  oled.o(.text)
    OLED_ShowCHinese                         0x080040c5   Thumb Code    98  oled.o(.text)
    OLED_DrawBMP                             0x08004127   Thumb Code   118  oled.o(.text)
    OLED_Float                               0x0800419d   Thumb Code   442  oled.o(.text)
    OLED_Float2                              0x08004357   Thumb Code   366  oled.o(.text)
    OLED_Num_write                           0x080044c5   Thumb Code    62  oled.o(.text)
    OLED_fuhao_write                         0x08004503   Thumb Code    58  oled.o(.text)
    OLED_Num2                                0x0800453d   Thumb Code   156  oled.o(.text)
    OLED_Num3                                0x080045d9   Thumb Code   200  oled.o(.text)
    OLED_Num4                                0x080046a1   Thumb Code   134  oled.o(.text)
    OLED_Num5                                0x08004727   Thumb Code   152  oled.o(.text)
    OLED_Init                                0x080047bf   Thumb Code   294  oled.o(.text)
    Turn                                     0x0800495b   Thumb Code    68  control.o(.text)
    Vertical                                 0x0800499f   Thumb Code    74  control.o(.text)
    Velocity                                 0x080049e9   Thumb Code   228  control.o(.text)
    EXTI9_5_IRQHandler                       0x08004acd   Thumb Code   820  control.o(.text)
    Encoder_TIM2_Init                        0x08004e15   Thumb Code   146  encoder.o(.text)
    Encoder_TIM4_Init                        0x08004ea7   Thumb Code   148  encoder.o(.text)
    Read_Speed                               0x08004f3b   Thumb Code    64  encoder.o(.text)
    TIM2_IRQHandler                          0x08004f7b   Thumb Code    22  encoder.o(.text)
    TIM4_IRQHandler                          0x08004f91   Thumb Code    22  encoder.o(.text)
    MPU6050_EXTI_Init                        0x08004fb5   Thumb Code    74  exti.o(.text)
    Motor_Init                               0x08005005   Thumb Code    40  motor.o(.text)
    Limit                                    0x0800502d   Thumb Code    66  motor.o(.text)
    GFP_abs                                  0x0800506f   Thumb Code    16  motor.o(.text)
    Load                                     0x0800507f   Thumb Code   112  motor.o(.text)
    Stop                                     0x080050ef   Thumb Code    52  motor.o(.text)
    PWM_Init_TIM1                            0x08005145   Thumb Code   162  pwm.o(.text)
    uart3_init                               0x080052b7   Thumb Code   130  usart3.o(.text)
    K230_ColorFrameAvailable                 0x08005339   Thumb Code     6  usart3.o(.text)
    K230_GetColorFrame                       0x0800533f   Thumb Code    12  usart3.o(.text)
    K230_ColorFrameHeartbeat                 0x0800534b   Thumb Code    42  usart3.o(.text)
    USART3_IRQHandler                        0x08005375   Thumb Code   146  usart3.o(.text)
    USART3_Send_Data                         0x08005407   Thumb Code    28  usart3.o(.text)
    USART3_Send_String                       0x08005423   Thumb Code    34  usart3.o(.text)
    Tracking_Usart2_Init                     0x080055b3   Thumb Code   126  tracking.o(.text)
    Tracking_SendControlData                 0x08005631   Thumb Code    74  tracking.o(.text)
    Tracking_DealUsart                       0x0800567b   Thumb Code   144  tracking.o(.text)
    Tracking_ProcessRx                       0x0800570b   Thumb Code    58  tracking.o(.text)
    Tracking_IsActive                        0x08005745   Thumb Code     6  tracking.o(.text)
    Tracking_SetSpeed                        0x0800574b   Thumb Code    10  tracking.o(.text)
    Tracking_GetError                        0x08005755   Thumb Code    54  tracking.o(.text)
    Tracking_TurnPD                          0x0800578b   Thumb Code    94  tracking.o(.text)
    USART2_IRQHandler                        0x080057e9   Thumb Code    68  tracking.o(.text)
    Reset_Handler                            0x08005881   Thumb Code     8  startup_stm32f10x_md.o(.text)
    ADC1_2_IRQHandler                        0x0800589b   Thumb Code     0  startup_stm32f10x_md.o(.text)
    CAN1_RX1_IRQHandler                      0x0800589b   Thumb Code     0  startup_stm32f10x_md.o(.text)
    CAN1_SCE_IRQHandler                      0x0800589b   Thumb Code     0  startup_stm32f10x_md.o(.text)
    DMA1_Channel1_IRQHandler                 0x0800589b   Thumb Code     0  startup_stm32f10x_md.o(.text)
    DMA1_Channel2_IRQHandler                 0x0800589b   Thumb Code     0  startup_stm32f10x_md.o(.text)
    DMA1_Channel3_IRQHandler                 0x0800589b   Thumb Code     0  startup_stm32f10x_md.o(.text)
    DMA1_Channel4_IRQHandler                 0x0800589b   Thumb Code     0  startup_stm32f10x_md.o(.text)
    DMA1_Channel5_IRQHandler                 0x0800589b   Thumb Code     0  startup_stm32f10x_md.o(.text)
    DMA1_Channel6_IRQHandler                 0x0800589b   Thumb Code     0  startup_stm32f10x_md.o(.text)
    DMA1_Channel7_IRQHandler                 0x0800589b   Thumb Code     0  startup_stm32f10x_md.o(.text)
    EXTI0_IRQHandler                         0x0800589b   Thumb Code     0  startup_stm32f10x_md.o(.text)
    EXTI15_10_IRQHandler                     0x0800589b   Thumb Code     0  startup_stm32f10x_md.o(.text)
    EXTI1_IRQHandler                         0x0800589b   Thumb Code     0  startup_stm32f10x_md.o(.text)
    EXTI2_IRQHandler                         0x0800589b   Thumb Code     0  startup_stm32f10x_md.o(.text)
    EXTI3_IRQHandler                         0x0800589b   Thumb Code     0  startup_stm32f10x_md.o(.text)
    EXTI4_IRQHandler                         0x0800589b   Thumb Code     0  startup_stm32f10x_md.o(.text)
    FLASH_IRQHandler                         0x0800589b   Thumb Code     0  startup_stm32f10x_md.o(.text)
    I2C1_ER_IRQHandler                       0x0800589b   Thumb Code     0  startup_stm32f10x_md.o(.text)
    I2C1_EV_IRQHandler                       0x0800589b   Thumb Code     0  startup_stm32f10x_md.o(.text)
    I2C2_ER_IRQHandler                       0x0800589b   Thumb Code     0  startup_stm32f10x_md.o(.text)
    I2C2_EV_IRQHandler                       0x0800589b   Thumb Code     0  startup_stm32f10x_md.o(.text)
    PVD_IRQHandler                           0x0800589b   Thumb Code     0  startup_stm32f10x_md.o(.text)
    RCC_IRQHandler                           0x0800589b   Thumb Code     0  startup_stm32f10x_md.o(.text)
    RTCAlarm_IRQHandler                      0x0800589b   Thumb Code     0  startup_stm32f10x_md.o(.text)
    RTC_IRQHandler                           0x0800589b   Thumb Code     0  startup_stm32f10x_md.o(.text)
    SPI1_IRQHandler                          0x0800589b   Thumb Code     0  startup_stm32f10x_md.o(.text)
    SPI2_IRQHandler                          0x0800589b   Thumb Code     0  startup_stm32f10x_md.o(.text)
    TAMPER_IRQHandler                        0x0800589b   Thumb Code     0  startup_stm32f10x_md.o(.text)
    TIM1_BRK_IRQHandler                      0x0800589b   Thumb Code     0  startup_stm32f10x_md.o(.text)
    TIM1_CC_IRQHandler                       0x0800589b   Thumb Code     0  startup_stm32f10x_md.o(.text)
    TIM1_TRG_COM_IRQHandler                  0x0800589b   Thumb Code     0  startup_stm32f10x_md.o(.text)
    TIM1_UP_IRQHandler                       0x0800589b   Thumb Code     0  startup_stm32f10x_md.o(.text)
    TIM3_IRQHandler                          0x0800589b   Thumb Code     0  startup_stm32f10x_md.o(.text)
    USBWakeUp_IRQHandler                     0x0800589b   Thumb Code     0  startup_stm32f10x_md.o(.text)
    USB_HP_CAN1_TX_IRQHandler                0x0800589b   Thumb Code     0  startup_stm32f10x_md.o(.text)
    USB_LP_CAN1_RX0_IRQHandler               0x0800589b   Thumb Code     0  startup_stm32f10x_md.o(.text)
    WWDG_IRQHandler                          0x0800589b   Thumb Code     0  startup_stm32f10x_md.o(.text)
    NVIC_PriorityGroupConfig                 0x080058a5   Thumb Code    10  misc.o(.text)
    NVIC_Init                                0x080058af   Thumb Code   100  misc.o(.text)
    NVIC_SetVectorTable                      0x08005913   Thumb Code    14  misc.o(.text)
    NVIC_SystemLPConfig                      0x08005921   Thumb Code    34  misc.o(.text)
    SysTick_CLKSourceConfig                  0x08005943   Thumb Code    40  misc.o(.text)
    EXTI_DeInit                              0x08005981   Thumb Code    28  stm32f10x_exti.o(.text)
    EXTI_Init                                0x0800599d   Thumb Code   142  stm32f10x_exti.o(.text)
    EXTI_StructInit                          0x08005a2b   Thumb Code    16  stm32f10x_exti.o(.text)
    EXTI_GenerateSWInterrupt                 0x08005a3b   Thumb Code    16  stm32f10x_exti.o(.text)
    EXTI_GetFlagStatus                       0x08005a4b   Thumb Code    22  stm32f10x_exti.o(.text)
    EXTI_ClearFlag                           0x08005a61   Thumb Code     8  stm32f10x_exti.o(.text)
    EXTI_GetITStatus                         0x08005a69   Thumb Code    34  stm32f10x_exti.o(.text)
    EXTI_ClearITPendingBit                   0x08005a8b   Thumb Code     8  stm32f10x_exti.o(.text)
    GPIO_DeInit                              0x08005a9d   Thumb Code   172  stm32f10x_gpio.o(.text)
    GPIO_AFIODeInit                          0x08005b49   Thumb Code    20  stm32f10x_gpio.o(.text)
    GPIO_Init                                0x08005b5d   Thumb Code   278  stm32f10x_gpio.o(.text)
    GPIO_StructInit                          0x08005c73   Thumb Code    16  stm32f10x_gpio.o(.text)
    GPIO_ReadInputDataBit                    0x08005c83   Thumb Code    18  stm32f10x_gpio.o(.text)
    GPIO_ReadInputData                       0x08005c95   Thumb Code     8  stm32f10x_gpio.o(.text)
    GPIO_ReadOutputDataBit                   0x08005c9d   Thumb Code    18  stm32f10x_gpio.o(.text)
    GPIO_ReadOutputData                      0x08005caf   Thumb Code     8  stm32f10x_gpio.o(.text)
    GPIO_SetBits                             0x08005cb7   Thumb Code     4  stm32f10x_gpio.o(.text)
    GPIO_ResetBits                           0x08005cbb   Thumb Code     4  stm32f10x_gpio.o(.text)
    GPIO_WriteBit                            0x08005cbf   Thumb Code    10  stm32f10x_gpio.o(.text)
    GPIO_Write                               0x08005cc9   Thumb Code     4  stm32f10x_gpio.o(.text)
    GPIO_PinLockConfig                       0x08005ccd   Thumb Code    18  stm32f10x_gpio.o(.text)
    GPIO_EventOutputConfig                   0x08005cdf   Thumb Code    26  stm32f10x_gpio.o(.text)
    GPIO_EventOutputCmd                      0x08005cf9   Thumb Code     6  stm32f10x_gpio.o(.text)
    GPIO_PinRemapConfig                      0x08005cff   Thumb Code   138  stm32f10x_gpio.o(.text)
    GPIO_EXTILineConfig                      0x08005d89   Thumb Code    66  stm32f10x_gpio.o(.text)
    GPIO_ETH_MediaInterfaceConfig            0x08005dcb   Thumb Code     8  stm32f10x_gpio.o(.text)
    RCC_DeInit                               0x08005df9   Thumb Code    64  stm32f10x_rcc.o(.text)
    RCC_HSEConfig                            0x08005e39   Thumb Code    70  stm32f10x_rcc.o(.text)
    RCC_GetFlagStatus                        0x08005e7f   Thumb Code    56  stm32f10x_rcc.o(.text)
    RCC_WaitForHSEStartUp                    0x08005eb7   Thumb Code    56  stm32f10x_rcc.o(.text)
    RCC_AdjustHSICalibrationValue            0x08005eef   Thumb Code    20  stm32f10x_rcc.o(.text)
    RCC_HSICmd                               0x08005f03   Thumb Code     6  stm32f10x_rcc.o(.text)
    RCC_PLLConfig                            0x08005f09   Thumb Code    24  stm32f10x_rcc.o(.text)
    RCC_PLLCmd                               0x08005f21   Thumb Code     6  stm32f10x_rcc.o(.text)
    RCC_SYSCLKConfig                         0x08005f27   Thumb Code    18  stm32f10x_rcc.o(.text)
    RCC_GetSYSCLKSource                      0x08005f39   Thumb Code    10  stm32f10x_rcc.o(.text)
    RCC_HCLKConfig                           0x08005f43   Thumb Code    18  stm32f10x_rcc.o(.text)
    RCC_PCLK1Config                          0x08005f55   Thumb Code    18  stm32f10x_rcc.o(.text)
    RCC_PCLK2Config                          0x08005f67   Thumb Code    20  stm32f10x_rcc.o(.text)
    RCC_ITConfig                             0x08005f7b   Thumb Code    26  stm32f10x_rcc.o(.text)
    RCC_USBCLKConfig                         0x08005f95   Thumb Code     8  stm32f10x_rcc.o(.text)
    RCC_ADCCLKConfig                         0x08005f9d   Thumb Code    18  stm32f10x_rcc.o(.text)
    RCC_LSEConfig                            0x08005faf   Thumb Code    50  stm32f10x_rcc.o(.text)
    RCC_LSICmd                               0x08005fe1   Thumb Code     6  stm32f10x_rcc.o(.text)
    RCC_RTCCLKConfig                         0x08005fe7   Thumb Code    12  stm32f10x_rcc.o(.text)
    RCC_RTCCLKCmd                            0x08005ff3   Thumb Code     8  stm32f10x_rcc.o(.text)
    RCC_GetClocksFreq                        0x08005ffb   Thumb Code   192  stm32f10x_rcc.o(.text)
    RCC_AHBPeriphClockCmd                    0x080060bb   Thumb Code    26  stm32f10x_rcc.o(.text)
    RCC_APB2PeriphClockCmd                   0x080060d5   Thumb Code    26  stm32f10x_rcc.o(.text)
    RCC_APB1PeriphClockCmd                   0x080060ef   Thumb Code    26  stm32f10x_rcc.o(.text)
    RCC_APB2PeriphResetCmd                   0x08006109   Thumb Code    26  stm32f10x_rcc.o(.text)
    RCC_APB1PeriphResetCmd                   0x08006123   Thumb Code    26  stm32f10x_rcc.o(.text)
    RCC_BackupResetCmd                       0x0800613d   Thumb Code     8  stm32f10x_rcc.o(.text)
    RCC_ClockSecuritySystemCmd               0x08006145   Thumb Code     6  stm32f10x_rcc.o(.text)
    RCC_MCOConfig                            0x0800614b   Thumb Code     6  stm32f10x_rcc.o(.text)
    RCC_ClearFlag                            0x08006151   Thumb Code    14  stm32f10x_rcc.o(.text)
    RCC_GetITStatus                          0x0800615f   Thumb Code    20  stm32f10x_rcc.o(.text)
    RCC_ClearITPendingBit                    0x08006173   Thumb Code     6  stm32f10x_rcc.o(.text)
    TIM_DeInit                               0x0800619d   Thumb Code   424  stm32f10x_tim.o(.text)
    TIM_TimeBaseInit                         0x08006345   Thumb Code   122  stm32f10x_tim.o(.text)
    TIM_OC1Init                              0x080063bf   Thumb Code   132  stm32f10x_tim.o(.text)
    TIM_OC2Init                              0x08006443   Thumb Code   154  stm32f10x_tim.o(.text)
    TIM_OC3Init                              0x080064dd   Thumb Code   150  stm32f10x_tim.o(.text)
    TIM_OC4Init                              0x08006573   Thumb Code   182  stm32f10x_tim.o(.text)
    TIM_SetIC4Prescaler                      0x08006629   Thumb Code    26  stm32f10x_tim.o(.text)
    TIM_SetIC3Prescaler                      0x080066c5   Thumb Code    18  stm32f10x_tim.o(.text)
    TIM_SetIC2Prescaler                      0x08006751   Thumb Code    26  stm32f10x_tim.o(.text)
    TIM_SetIC1Prescaler                      0x080067ed   Thumb Code    18  stm32f10x_tim.o(.text)
    TIM_ICInit                               0x0800686b   Thumb Code   150  stm32f10x_tim.o(.text)
    TIM_PWMIConfig                           0x08006901   Thumb Code   124  stm32f10x_tim.o(.text)
    TIM_BDTRConfig                           0x0800697d   Thumb Code    32  stm32f10x_tim.o(.text)
    TIM_TimeBaseStructInit                   0x0800699d   Thumb Code    18  stm32f10x_tim.o(.text)
    TIM_OCStructInit                         0x080069af   Thumb Code    20  stm32f10x_tim.o(.text)
    TIM_ICStructInit                         0x080069c3   Thumb Code    18  stm32f10x_tim.o(.text)
    TIM_BDTRStructInit                       0x080069d5   Thumb Code    40  stm32f10x_tim.o(.text)
    TIM_Cmd                                  0x080069fd   Thumb Code    24  stm32f10x_tim.o(.text)
    TIM_CtrlPWMOutputs                       0x08006a15   Thumb Code    30  stm32f10x_tim.o(.text)
    TIM_ITConfig                             0x08006a33   Thumb Code    18  stm32f10x_tim.o(.text)
    TIM_GenerateEvent                        0x08006a45   Thumb Code     4  stm32f10x_tim.o(.text)
    TIM_DMAConfig                            0x08006a49   Thumb Code    10  stm32f10x_tim.o(.text)
    TIM_DMACmd                               0x08006a53   Thumb Code    18  stm32f10x_tim.o(.text)
    TIM_InternalClockConfig                  0x08006a65   Thumb Code    12  stm32f10x_tim.o(.text)
    TIM_SelectInputTrigger                   0x08006a71   Thumb Code    18  stm32f10x_tim.o(.text)
    TIM_ITRxExternalClockConfig              0x08006a83   Thumb Code    24  stm32f10x_tim.o(.text)
    TIM_TIxExternalClockConfig               0x08006a9b   Thumb Code    62  stm32f10x_tim.o(.text)
    TIM_ETRConfig                            0x08006ad9   Thumb Code    28  stm32f10x_tim.o(.text)
    TIM_ETRClockMode1Config                  0x08006af5   Thumb Code    54  stm32f10x_tim.o(.text)
    TIM_ETRClockMode2Config                  0x08006b2b   Thumb Code    32  stm32f10x_tim.o(.text)
    TIM_PrescalerConfig                      0x08006b4b   Thumb Code     6  stm32f10x_tim.o(.text)
    TIM_CounterModeConfig                    0x08006b51   Thumb Code    18  stm32f10x_tim.o(.text)
    TIM_EncoderInterfaceConfig               0x08006b63   Thumb Code    66  stm32f10x_tim.o(.text)
    TIM_ForcedOC1Config                      0x08006ba5   Thumb Code    18  stm32f10x_tim.o(.text)
    TIM_ForcedOC2Config                      0x08006bb7   Thumb Code    26  stm32f10x_tim.o(.text)
    TIM_ForcedOC3Config                      0x08006bd1   Thumb Code    18  stm32f10x_tim.o(.text)
    TIM_ForcedOC4Config                      0x08006be3   Thumb Code    26  stm32f10x_tim.o(.text)
    TIM_ARRPreloadConfig                     0x08006bfd   Thumb Code    24  stm32f10x_tim.o(.text)
    TIM_SelectCOM                            0x08006c15   Thumb Code    24  stm32f10x_tim.o(.text)
    TIM_SelectCCDMA                          0x08006c2d   Thumb Code    24  stm32f10x_tim.o(.text)
    TIM_CCPreloadControl                     0x08006c45   Thumb Code    24  stm32f10x_tim.o(.text)
    TIM_OC1PreloadConfig                     0x08006c5d   Thumb Code    18  stm32f10x_tim.o(.text)
    TIM_OC2PreloadConfig                     0x08006c6f   Thumb Code    26  stm32f10x_tim.o(.text)
    TIM_OC3PreloadConfig                     0x08006c89   Thumb Code    18  stm32f10x_tim.o(.text)
    TIM_OC4PreloadConfig                     0x08006c9b   Thumb Code    26  stm32f10x_tim.o(.text)
    TIM_OC1FastConfig                        0x08006cb5   Thumb Code    18  stm32f10x_tim.o(.text)
    TIM_OC2FastConfig                        0x08006cc7   Thumb Code    26  stm32f10x_tim.o(.text)
    TIM_OC3FastConfig                        0x08006ce1   Thumb Code    18  stm32f10x_tim.o(.text)
    TIM_OC4FastConfig                        0x08006cf3   Thumb Code    26  stm32f10x_tim.o(.text)
    TIM_ClearOC1Ref                          0x08006d0d   Thumb Code    18  stm32f10x_tim.o(.text)
    TIM_ClearOC2Ref                          0x08006d1f   Thumb Code    24  stm32f10x_tim.o(.text)
    TIM_ClearOC3Ref                          0x08006d37   Thumb Code    18  stm32f10x_tim.o(.text)
    TIM_ClearOC4Ref                          0x08006d49   Thumb Code    24  stm32f10x_tim.o(.text)
    TIM_OC1PolarityConfig                    0x08006d61   Thumb Code    18  stm32f10x_tim.o(.text)
    TIM_OC1NPolarityConfig                   0x08006d73   Thumb Code    18  stm32f10x_tim.o(.text)
    TIM_OC2PolarityConfig                    0x08006d85   Thumb Code    26  stm32f10x_tim.o(.text)
    TIM_OC2NPolarityConfig                   0x08006d9f   Thumb Code    26  stm32f10x_tim.o(.text)
    TIM_OC3PolarityConfig                    0x08006db9   Thumb Code    26  stm32f10x_tim.o(.text)
    TIM_OC3NPolarityConfig                   0x08006dd3   Thumb Code    26  stm32f10x_tim.o(.text)
    TIM_OC4PolarityConfig                    0x08006ded   Thumb Code    26  stm32f10x_tim.o(.text)
    TIM_CCxCmd                               0x08006e07   Thumb Code    30  stm32f10x_tim.o(.text)
    TIM_CCxNCmd                              0x08006e25   Thumb Code    30  stm32f10x_tim.o(.text)
    TIM_SelectOCxM                           0x08006e43   Thumb Code    82  stm32f10x_tim.o(.text)
    TIM_UpdateDisableConfig                  0x08006e95   Thumb Code    24  stm32f10x_tim.o(.text)
    TIM_UpdateRequestConfig                  0x08006ead   Thumb Code    24  stm32f10x_tim.o(.text)
    TIM_SelectHallSensor                     0x08006ec5   Thumb Code    24  stm32f10x_tim.o(.text)
    TIM_SelectOnePulseMode                   0x08006edd   Thumb Code    18  stm32f10x_tim.o(.text)
    TIM_SelectOutputTrigger                  0x08006eef   Thumb Code    18  stm32f10x_tim.o(.text)
    TIM_SelectSlaveMode                      0x08006f01   Thumb Code    18  stm32f10x_tim.o(.text)
    TIM_SelectMasterSlaveMode                0x08006f13   Thumb Code    18  stm32f10x_tim.o(.text)
    TIM_SetCounter                           0x08006f25   Thumb Code     4  stm32f10x_tim.o(.text)
    TIM_SetAutoreload                        0x08006f29   Thumb Code     4  stm32f10x_tim.o(.text)
    TIM_SetCompare1                          0x08006f2d   Thumb Code     4  stm32f10x_tim.o(.text)
    TIM_SetCompare2                          0x08006f31   Thumb Code     4  stm32f10x_tim.o(.text)
    TIM_SetCompare3                          0x08006f35   Thumb Code     4  stm32f10x_tim.o(.text)
    TIM_SetCompare4                          0x08006f39   Thumb Code     6  stm32f10x_tim.o(.text)
    TIM_SetClockDivision                     0x08006f3f   Thumb Code    18  stm32f10x_tim.o(.text)
    TIM_GetCapture1                          0x08006f51   Thumb Code     6  stm32f10x_tim.o(.text)
    TIM_GetCapture2                          0x08006f57   Thumb Code     6  stm32f10x_tim.o(.text)
    TIM_GetCapture3                          0x08006f5d   Thumb Code     6  stm32f10x_tim.o(.text)
    TIM_GetCapture4                          0x08006f63   Thumb Code     8  stm32f10x_tim.o(.text)
    TIM_GetCounter                           0x08006f6b   Thumb Code     6  stm32f10x_tim.o(.text)
    TIM_GetPrescaler                         0x08006f71   Thumb Code     6  stm32f10x_tim.o(.text)
    TIM_GetFlagStatus                        0x08006f77   Thumb Code    18  stm32f10x_tim.o(.text)
    TIM_ClearFlag                            0x08006f89   Thumb Code     6  stm32f10x_tim.o(.text)
    TIM_GetITStatus                          0x08006f8f   Thumb Code    34  stm32f10x_tim.o(.text)
    TIM_ClearITPendingBit                    0x08006fb1   Thumb Code     6  stm32f10x_tim.o(.text)
    USART_DeInit                             0x08006fb9   Thumb Code   134  stm32f10x_usart.o(.text)
    USART_Init                               0x0800703f   Thumb Code   210  stm32f10x_usart.o(.text)
    USART_StructInit                         0x08007111   Thumb Code    24  stm32f10x_usart.o(.text)
    USART_ClockInit                          0x08007129   Thumb Code    34  stm32f10x_usart.o(.text)
    USART_ClockStructInit                    0x0800714b   Thumb Code    12  stm32f10x_usart.o(.text)
    USART_Cmd                                0x08007157   Thumb Code    24  stm32f10x_usart.o(.text)
    USART_ITConfig                           0x0800716f   Thumb Code    74  stm32f10x_usart.o(.text)
    USART_DMACmd                             0x080071b9   Thumb Code    18  stm32f10x_usart.o(.text)
    USART_SetAddress                         0x080071cb   Thumb Code    18  stm32f10x_usart.o(.text)
    USART_WakeUpConfig                       0x080071dd   Thumb Code    18  stm32f10x_usart.o(.text)
    USART_ReceiverWakeUpCmd                  0x080071ef   Thumb Code    24  stm32f10x_usart.o(.text)
    USART_LINBreakDetectLengthConfig         0x08007207   Thumb Code    18  stm32f10x_usart.o(.text)
    USART_LINCmd                             0x08007219   Thumb Code    24  stm32f10x_usart.o(.text)
    USART_SendData                           0x08007231   Thumb Code     8  stm32f10x_usart.o(.text)
    USART_ReceiveData                        0x08007239   Thumb Code    10  stm32f10x_usart.o(.text)
    USART_SendBreak                          0x08007243   Thumb Code    10  stm32f10x_usart.o(.text)
    USART_SetGuardTime                       0x0800724d   Thumb Code    16  stm32f10x_usart.o(.text)
    USART_SetPrescaler                       0x0800725d   Thumb Code    16  stm32f10x_usart.o(.text)
    USART_SmartCardCmd                       0x0800726d   Thumb Code    24  stm32f10x_usart.o(.text)
    USART_SmartCardNACKCmd                   0x08007285   Thumb Code    24  stm32f10x_usart.o(.text)
    USART_HalfDuplexCmd                      0x0800729d   Thumb Code    24  stm32f10x_usart.o(.text)
    USART_OverSampling8Cmd                   0x080072b5   Thumb Code    22  stm32f10x_usart.o(.text)
    USART_OneBitMethodCmd                    0x080072cb   Thumb Code    24  stm32f10x_usart.o(.text)
    USART_IrDAConfig                         0x080072e3   Thumb Code    18  stm32f10x_usart.o(.text)
    USART_IrDACmd                            0x080072f5   Thumb Code    24  stm32f10x_usart.o(.text)
    USART_GetFlagStatus                      0x0800730d   Thumb Code    26  stm32f10x_usart.o(.text)
    USART_ClearFlag                          0x08007327   Thumb Code    18  stm32f10x_usart.o(.text)
    USART_GetITStatus                        0x08007339   Thumb Code    84  stm32f10x_usart.o(.text)
    USART_ClearITPendingBit                  0x0800738d   Thumb Code    52  stm32f10x_usart.o(.text)
    __aeabi_ldivmod                          0x080073c1   Thumb Code    98  ldiv.o(.text)
    __aeabi_memcpy                           0x08007423   Thumb Code    36  memcpya.o(.text)
    __aeabi_memcpy4                          0x08007423   Thumb Code     0  memcpya.o(.text)
    __aeabi_memcpy8                          0x08007423   Thumb Code     0  memcpya.o(.text)
    __aeabi_memset                           0x08007447   Thumb Code    14  memseta.o(.text)
    __aeabi_memset4                          0x08007447   Thumb Code     0  memseta.o(.text)
    __aeabi_memset8                          0x08007447   Thumb Code     0  memseta.o(.text)
    __aeabi_memclr                           0x08007455   Thumb Code     4  memseta.o(.text)
    __aeabi_memclr4                          0x08007455   Thumb Code     0  memseta.o(.text)
    __aeabi_memclr8                          0x08007455   Thumb Code     0  memseta.o(.text)
    _memset$wrapper                          0x08007459   Thumb Code    18  memseta.o(.text)
    strlen                                   0x0800746b   Thumb Code    14  strlen.o(.text)
    memcmp                                   0x08007479   Thumb Code    26  memcmp.o(.text)
    __0sscanf                                0x08007495   Thumb Code    48  __0sscanf.o(.text)
    _scanf_string                            0x080074cd   Thumb Code   224  _scanf_str.o(.text)
    atoi                                     0x080075ad   Thumb Code    26  atoi.o(.text)
    __aeabi_fadd                             0x080075c7   Thumb Code   164  fadd.o(.text)
    __aeabi_fsub                             0x0800766b   Thumb Code     6  fadd.o(.text)
    __aeabi_frsub                            0x08007671   Thumb Code     6  fadd.o(.text)
    __aeabi_fmul                             0x08007677   Thumb Code   100  fmul.o(.text)
    __aeabi_fdiv                             0x080076db   Thumb Code   124  fdiv.o(.text)
    __aeabi_dadd                             0x08007757   Thumb Code   322  dadd.o(.text)
    __aeabi_dsub                             0x08007899   Thumb Code     6  dadd.o(.text)
    __aeabi_drsub                            0x0800789f   Thumb Code     6  dadd.o(.text)
    __aeabi_dmul                             0x080078a5   Thumb Code   228  dmul.o(.text)
    __aeabi_ddiv                             0x08007989   Thumb Code   222  ddiv.o(.text)
    __aeabi_i2f                              0x08007a67   Thumb Code    18  fflti.o(.text)
    __aeabi_ui2f                             0x08007a79   Thumb Code    10  ffltui.o(.text)
    __aeabi_i2d                              0x08007a83   Thumb Code    34  dflti.o(.text)
    __aeabi_ui2d                             0x08007aa5   Thumb Code    26  dfltui.o(.text)
    __aeabi_f2iz                             0x08007abf   Thumb Code    50  ffixi.o(.text)
    __aeabi_f2uiz                            0x08007af1   Thumb Code    40  ffixui.o(.text)
    __aeabi_d2iz                             0x08007b19   Thumb Code    62  dfixi.o(.text)
    __aeabi_d2uiz                            0x08007b57   Thumb Code    50  dfixui.o(.text)
    __aeabi_f2d                              0x08007b89   Thumb Code    38  f2d.o(.text)
    __aeabi_cdcmpeq                          0x08007bb1   Thumb Code     0  cdcmple.o(.text)
    __aeabi_cdcmple                          0x08007bb1   Thumb Code    48  cdcmple.o(.text)
    __aeabi_d2f                              0x08007be1   Thumb Code    56  d2f.o(.text)
    __aeabi_cfcmpeq                          0x08007c19   Thumb Code     0  cfcmple.o(.text)
    __aeabi_cfcmple                          0x08007c19   Thumb Code    20  cfcmple.o(.text)
    __aeabi_cfrcmple                         0x08007c2d   Thumb Code    20  cfrcmple.o(.text)
    __aeabi_uidiv                            0x08007c41   Thumb Code     0  uidiv.o(.text)
    __aeabi_uidivmod                         0x08007c41   Thumb Code    44  uidiv.o(.text)
    __aeabi_uldivmod                         0x08007c6d   Thumb Code    98  uldiv.o(.text)
    __aeabi_llsl                             0x08007ccf   Thumb Code    30  llshl.o(.text)
    _ll_shift_l                              0x08007ccf   Thumb Code     0  llshl.o(.text)
    __aeabi_llsr                             0x08007ced   Thumb Code    32  llushr.o(.text)
    _ll_ushift_r                             0x08007ced   Thumb Code     0  llushr.o(.text)
    __aeabi_lasr                             0x08007d0d   Thumb Code    36  llsshr.o(.text)
    _ll_sshift_r                             0x08007d0d   Thumb Code     0  llsshr.o(.text)
    __vfscanf_char                           0x08007d3d   Thumb Code    20  scanf_char.o(.text)
    _sgetc                                   0x08007d59   Thumb Code    30  _sgetc.o(.text)
    _sbackspace                              0x08007d77   Thumb Code    34  _sgetc.o(.text)
    strtol                                   0x08007d99   Thumb Code   112  strtol.o(.text)
    __I$use$fp                               0x08007e09   Thumb Code     0  iusefp.o(.text)
    _float_round                             0x08007e09   Thumb Code    18  fepilogue.o(.text)
    _float_epilogue                          0x08007e1b   Thumb Code    92  fepilogue.o(.text)
    _double_round                            0x08007e77   Thumb Code    30  depilogue.o(.text)
    _double_epilogue                         0x08007e95   Thumb Code   156  depilogue.o(.text)
    __ARM_scalbn                             0x08007f31   Thumb Code    46  dscalb.o(.text)
    scalbn                                   0x08007f31   Thumb Code     0  dscalb.o(.text)
    __aeabi_d2ulz                            0x08007f5f   Thumb Code    48  dfixul.o(.text)
    __aeabi_cdrcmple                         0x08007f91   Thumb Code    48  cdrcmple.o(.text)
    __scatterload                            0x08007fc1   Thumb Code    28  init.o(.text)
    __scatterload_rt2                        0x08007fc1   Thumb Code     0  init.o(.text)
    __rt_ctype_table                         0x08007fe5   Thumb Code     4  ctype_o.o(.text)
    isspace                                  0x08007fed   Thumb Code    18  isspace_o.o(.text)
    __vfscanf                                0x08008001   Thumb Code   808  _scanf.o(.text)
    _strtoul                                 0x0800832d   Thumb Code   158  _strtoul.o(.text)
    _dsqrt                                   0x080083cb   Thumb Code   162  dsqrt.o(.text)
    _chval                                   0x0800846d   Thumb Code    28  _chval.o(.text)
    __decompress                             0x08008489   Thumb Code     0  __dczerorl2.o(.text)
    __decompress1                            0x08008489   Thumb Code    86  __dczerorl2.o(.text)
    __0printf                                0x080084e1   Thumb Code    22  printfa.o(i.__0printf)
    __1printf                                0x080084e1   Thumb Code     0  printfa.o(i.__0printf)
    __2printf                                0x080084e1   Thumb Code     0  printfa.o(i.__0printf)
    __c89printf                              0x080084e1   Thumb Code     0  printfa.o(i.__0printf)
    printf                                   0x080084e1   Thumb Code     0  printfa.o(i.__0printf)
    __ARM_fpclassify                         0x08008501   Thumb Code    40  fpclassify.o(i.__ARM_fpclassify)
    __aeabi_errno_addr                       0x08008529   Thumb Code     4  errno.o(i.__aeabi_errno_addr)
    __rt_errno_addr                          0x08008529   Thumb Code     0  errno.o(i.__aeabi_errno_addr)
    __kernel_poly                            0x08008531   Thumb Code   170  poly.o(i.__kernel_poly)
    __mathlib_dbl_infnan                     0x080085db   Thumb Code     6  dunder.o(i.__mathlib_dbl_infnan)
    __mathlib_dbl_infnan2                    0x080085e1   Thumb Code     4  dunder.o(i.__mathlib_dbl_infnan2)
    __mathlib_dbl_invalid                    0x080085e5   Thumb Code    12  dunder.o(i.__mathlib_dbl_invalid)
    __mathlib_dbl_underflow                  0x080085f1   Thumb Code    10  dunder.o(i.__mathlib_dbl_underflow)
    __scatterload_copy                       0x08008601   Thumb Code    14  handlers.o(i.__scatterload_copy)
    __scatterload_null                       0x0800860f   Thumb Code     2  handlers.o(i.__scatterload_null)
    __scatterload_zeroinit                   0x08008611   Thumb Code    14  handlers.o(i.__scatterload_zeroinit)
    __set_errno                              0x08008621   Thumb Code     6  errno.o(i.__set_errno)
    asin                                     0x08008ee1   Thumb Code   572  asin.o(i.asin)
    atan                                     0x08009151   Thumb Code   474  atan.o(i.atan)
    atan2                                    0x08009371   Thumb Code   346  atan2.o(i.atan2)
    sqrt                                     0x080094f1   Thumb Code    76  sqrt.o(i.sqrt)
    reg                                      0x0800953c   Data          27  inv_mpu.o(.constdata)
    hw                                       0x08009558   Data          12  inv_mpu.o(.constdata)
    test                                     0x08009564   Data          40  inv_mpu.o(.constdata)
    F6x8                                     0x0800a182   Data         552  oled.o(.constdata)
    F8X16                                    0x0800a3aa   Data        1520  oled.o(.constdata)
    __mathlib_zero                           0x0800aaa8   Data           8  qnan.o(.constdata)
    __ctype_table                            0x0800aab0   Data         129  ctype_o.o(.constdata)
    Region$$Table$$Base                      0x0800ac0c   Number         0  anon$$obj.o(Region$$Table)
    Region$$Table$$Limit                     0x0800ac2c   Number         0  anon$$obj.o(Region$$Table)
    Pitch                                    0x20000000   Data           4  main.o(.data)
    Roll                                     0x20000004   Data           4  main.o(.data)
    Yaw                                      0x20000008   Data           4  main.o(.data)
    gyrox                                    0x2000000c   Data           2  main.o(.data)
    gyroy                                    0x2000000e   Data           2  main.o(.data)
    gyroz                                    0x20000010   Data           2  main.o(.data)
    aacx                                     0x20000012   Data           2  main.o(.data)
    aacy                                     0x20000014   Data           2  main.o(.data)
    aacz                                     0x20000016   Data           2  main.o(.data)
    Encoder_Left                             0x20000018   Data           4  main.o(.data)
    Encoder_Right                            0x2000001c   Data           4  main.o(.data)
    PWM_MAX                                  0x20000020   Data           4  main.o(.data)
    PWM_MIN                                  0x20000024   Data           4  main.o(.data)
    MOTO1                                    0x20000028   Data           4  main.o(.data)
    MOTO2                                    0x2000002c   Data           4  main.o(.data)
    SystemCoreClock                          0x20000030   Data           4  system_stm32f10x.o(.data)
    AHBPrescTable                            0x20000034   Data          16  system_stm32f10x.o(.data)
    __stdout                                 0x20000048   Data           4  usart.o(.data)
    USART_RX_STA                             0x2000004c   Data           1  usart.o(.data)
    Hzk                                      0x20000085   Data         896  oled.o(.data)
    Med_Angle                                0x20000408   Data           4  control.o(.data)
    Target_Speed                             0x2000040c   Data           4  control.o(.data)
    Turn_Speed                               0x20000410   Data           4  control.o(.data)
    Vertical_Kp                              0x20000414   Data           4  control.o(.data)
    Vertical_Kd                              0x20000418   Data           4  control.o(.data)
    Velocity_Kp                              0x2000041c   Data           4  control.o(.data)
    Velocity_Ki                              0x20000420   Data           4  control.o(.data)
    Turn_Kd                                  0x20000424   Data           4  control.o(.data)
    Turn_Kp                                  0x20000428   Data           4  control.o(.data)
    Vertical_out                             0x2000042c   Data           4  control.o(.data)
    Velocity_out                             0x20000430   Data           4  control.o(.data)
    Turn_out                                 0x20000434   Data           4  control.o(.data)
    PWM_Zero                                 0x2000044c   Data           1  motor.o(.data)
    stop                                     0x2000044d   Data           1  motor.o(.data)
    Fore                                     0x2000044e   Data           1  usart3.o(.data)
    Back                                     0x2000044f   Data           1  usart3.o(.data)
    Left                                     0x20000450   Data           1  usart3.o(.data)
    Right                                    0x20000451   Data           1  usart3.o(.data)
    Tracking_IR_Data                         0x2000045c   Data           8  tracking.o(.data)
    Tracking_New_Package_Flag                0x20000464   Data           1  tracking.o(.data)
    USART_RX_BUF                             0x20000490   Data          64  usart.o(.bss)
    Tracking_Analog_Data                     0x20000500   Data          16  tracking.o(.bss)
    __initial_sp                             0x20000a40   Data           0  startup_stm32f10x_md.o(STACK)



==============================================================================

Memory Map of the image

  Image Entry point : 0x080000ed

  Load Region LR_IROM1 (Base: 0x08000000, Size: 0x0000b0bc, Max: 0x00010000, ABSOLUTE, COMPRESSED[0x0000adec])

    Execution Region ER_IROM1 (Exec base: 0x08000000, Load base: 0x08000000, Size: 0x0000ac2c, Max: 0x00010000, ABSOLUTE)

    Exec Addr    Load Addr    Size         Type   Attr      Idx    E Section Name        Object

    0x08000000   0x08000000   0x000000ec   Data   RO          806    RESET               startup_stm32f10x_md.o
    0x080000ec   0x080000ec   0x00000000   Code   RO         1409  * .ARM.Collect$$$$00000000  mc_w.l(entry.o)
    0x080000ec   0x080000ec   0x00000004   Code   RO         1766    .ARM.Collect$$$$00000001  mc_w.l(entry2.o)
    0x080000f0   0x080000f0   0x00000004   Code   RO         1769    .ARM.Collect$$$$00000004  mc_w.l(entry5.o)
    0x080000f4   0x080000f4   0x00000000   Code   RO         1771    .ARM.Collect$$$$00000008  mc_w.l(entry7b.o)
    0x080000f4   0x080000f4   0x00000000   Code   RO         1773    .ARM.Collect$$$$0000000A  mc_w.l(entry8b.o)
    0x080000f4   0x080000f4   0x00000008   Code   RO         1774    .ARM.Collect$$$$0000000B  mc_w.l(entry9a.o)
    0x080000fc   0x080000fc   0x00000000   Code   RO         1776    .ARM.Collect$$$$0000000D  mc_w.l(entry10a.o)
    0x080000fc   0x080000fc   0x00000000   Code   RO         1778    .ARM.Collect$$$$0000000F  mc_w.l(entry11a.o)
    0x080000fc   0x080000fc   0x00000004   Code   RO         1767    .ARM.Collect$$$$00002712  mc_w.l(entry2.o)
    0x08000100   0x08000100   0x000001d4   Code   RO            4    .text               main.o
    0x080002d4   0x080002d4   0x0000001a   Code   RO          192    .text               stm32f10x_it.o
    0x080002ee   0x080002ee   0x00000002   PAD
    0x080002f0   0x080002f0   0x000001e0   Code   RO          302    .text               system_stm32f10x.o
    0x080004d0   0x080004d0   0x000000d4   Code   RO          332    .text               delay.o
    0x080005a4   0x080005a4   0x00000062   Code   RO          395    .text               sys.o
    0x08000606   0x08000606   0x00000002   PAD
    0x08000608   0x08000608   0x00000124   Code   RO          419    .text               usart.o
    0x0800072c   0x0800072c   0x00000244   Code   RO          451    .text               mpuiic.o
    0x08000970   0x08000970   0x00000368   Code   RO          475    .text               mpu6050.o
    0x08000cd8   0x08000cd8   0x00002288   Code   RO          499    .text               inv_mpu.o
    0x08002f60   0x08002f60   0x00000d70   Code   RO          535    .text               inv_mpu_dmp_motion_driver.o
    0x08003cd0   0x08003cd0   0x00000c14   Code   RO          568    .text               oled.o
    0x080048e4   0x080048e4   0x00000530   Code   RO          599    .text               control.o
    0x08004e14   0x08004e14   0x000001a0   Code   RO          626    .text               encoder.o
    0x08004fb4   0x08004fb4   0x00000050   Code   RO          650    .text               exti.o
    0x08005004   0x08005004   0x00000140   Code   RO          674    .text               motor.o
    0x08005144   0x08005144   0x000000ac   Code   RO          705    .text               pwm.o
    0x080051f0   0x080051f0   0x0000029c   Code   RO          729    .text               usart3.o
    0x0800548c   0x0800548c   0x000003f4   Code   RO          761    .text               tracking.o
    0x08005880   0x08005880   0x00000024   Code   RO          807    .text               startup_stm32f10x_md.o
    0x080058a4   0x080058a4   0x000000dc   Code   RO          814    .text               misc.o
    0x08005980   0x08005980   0x0000011c   Code   RO         1056    .text               stm32f10x_exti.o
    0x08005a9c   0x08005a9c   0x0000035c   Code   RO         1128    .text               stm32f10x_gpio.o
    0x08005df8   0x08005df8   0x000003a4   Code   RO         1224    .text               stm32f10x_rcc.o
    0x0800619c   0x0800619c   0x00000e1a   Code   RO         1322    .text               stm32f10x_tim.o
    0x08006fb6   0x08006fb6   0x00000002   PAD
    0x08006fb8   0x08006fb8   0x00000408   Code   RO         1346    .text               stm32f10x_usart.o
    0x080073c0   0x080073c0   0x00000062   Code   RO         1412    .text               mc_w.l(ldiv.o)
    0x08007422   0x08007422   0x00000024   Code   RO         1414    .text               mc_w.l(memcpya.o)
    0x08007446   0x08007446   0x00000024   Code   RO         1416    .text               mc_w.l(memseta.o)
    0x0800746a   0x0800746a   0x0000000e   Code   RO         1418    .text               mc_w.l(strlen.o)
    0x08007478   0x08007478   0x0000001a   Code   RO         1420    .text               mc_w.l(memcmp.o)
    0x08007492   0x08007492   0x00000002   PAD
    0x08007494   0x08007494   0x00000038   Code   RO         1685    .text               mc_w.l(__0sscanf.o)
    0x080074cc   0x080074cc   0x000000e0   Code   RO         1687    .text               mc_w.l(_scanf_str.o)
    0x080075ac   0x080075ac   0x0000001a   Code   RO         1689    .text               mc_w.l(atoi.o)
    0x080075c6   0x080075c6   0x000000b0   Code   RO         1691    .text               mf_w.l(fadd.o)
    0x08007676   0x08007676   0x00000064   Code   RO         1693    .text               mf_w.l(fmul.o)
    0x080076da   0x080076da   0x0000007c   Code   RO         1695    .text               mf_w.l(fdiv.o)
    0x08007756   0x08007756   0x0000014e   Code   RO         1697    .text               mf_w.l(dadd.o)
    0x080078a4   0x080078a4   0x000000e4   Code   RO         1699    .text               mf_w.l(dmul.o)
    0x08007988   0x08007988   0x000000de   Code   RO         1701    .text               mf_w.l(ddiv.o)
    0x08007a66   0x08007a66   0x00000012   Code   RO         1703    .text               mf_w.l(fflti.o)
    0x08007a78   0x08007a78   0x0000000a   Code   RO         1705    .text               mf_w.l(ffltui.o)
    0x08007a82   0x08007a82   0x00000022   Code   RO         1707    .text               mf_w.l(dflti.o)
    0x08007aa4   0x08007aa4   0x0000001a   Code   RO         1709    .text               mf_w.l(dfltui.o)
    0x08007abe   0x08007abe   0x00000032   Code   RO         1711    .text               mf_w.l(ffixi.o)
    0x08007af0   0x08007af0   0x00000028   Code   RO         1713    .text               mf_w.l(ffixui.o)
    0x08007b18   0x08007b18   0x0000003e   Code   RO         1715    .text               mf_w.l(dfixi.o)
    0x08007b56   0x08007b56   0x00000032   Code   RO         1717    .text               mf_w.l(dfixui.o)
    0x08007b88   0x08007b88   0x00000026   Code   RO         1719    .text               mf_w.l(f2d.o)
    0x08007bae   0x08007bae   0x00000002   PAD
    0x08007bb0   0x08007bb0   0x00000030   Code   RO         1721    .text               mf_w.l(cdcmple.o)
    0x08007be0   0x08007be0   0x00000038   Code   RO         1723    .text               mf_w.l(d2f.o)
    0x08007c18   0x08007c18   0x00000014   Code   RO         1725    .text               mf_w.l(cfcmple.o)
    0x08007c2c   0x08007c2c   0x00000014   Code   RO         1727    .text               mf_w.l(cfrcmple.o)
    0x08007c40   0x08007c40   0x0000002c   Code   RO         1780    .text               mc_w.l(uidiv.o)
    0x08007c6c   0x08007c6c   0x00000062   Code   RO         1782    .text               mc_w.l(uldiv.o)
    0x08007cce   0x08007cce   0x0000001e   Code   RO         1784    .text               mc_w.l(llshl.o)
    0x08007cec   0x08007cec   0x00000020   Code   RO         1786    .text               mc_w.l(llushr.o)
    0x08007d0c   0x08007d0c   0x00000024   Code   RO         1788    .text               mc_w.l(llsshr.o)
    0x08007d30   0x08007d30   0x00000028   Code   RO         1797    .text               mc_w.l(scanf_char.o)
    0x08007d58   0x08007d58   0x00000040   Code   RO         1799    .text               mc_w.l(_sgetc.o)
    0x08007d98   0x08007d98   0x00000070   Code   RO         1801    .text               mc_w.l(strtol.o)
    0x08007e08   0x08007e08   0x00000000   Code   RO         1803    .text               mc_w.l(iusefp.o)
    0x08007e08   0x08007e08   0x0000006e   Code   RO         1804    .text               mf_w.l(fepilogue.o)
    0x08007e76   0x08007e76   0x000000ba   Code   RO         1806    .text               mf_w.l(depilogue.o)
    0x08007f30   0x08007f30   0x0000002e   Code   RO         1808    .text               mf_w.l(dscalb.o)
    0x08007f5e   0x08007f5e   0x00000030   Code   RO         1810    .text               mf_w.l(dfixul.o)
    0x08007f8e   0x08007f8e   0x00000002   PAD
    0x08007f90   0x08007f90   0x00000030   Code   RO         1812    .text               mf_w.l(cdrcmple.o)
    0x08007fc0   0x08007fc0   0x00000024   Code   RO         1814    .text               mc_w.l(init.o)
    0x08007fe4   0x08007fe4   0x00000008   Code   RO         1818    .text               mc_w.l(ctype_o.o)
    0x08007fec   0x08007fec   0x00000012   Code   RO         1840    .text               mc_w.l(isspace_o.o)
    0x08007ffe   0x08007ffe   0x00000002   PAD
    0x08008000   0x08008000   0x0000032c   Code   RO         1846    .text               mc_w.l(_scanf.o)
    0x0800832c   0x0800832c   0x0000009e   Code   RO         1848    .text               mc_w.l(_strtoul.o)
    0x080083ca   0x080083ca   0x000000a2   Code   RO         1850    .text               mf_w.l(dsqrt.o)
    0x0800846c   0x0800846c   0x0000001c   Code   RO         1855    .text               mc_w.l(_chval.o)
    0x08008488   0x08008488   0x00000056   Code   RO         1865    .text               mc_w.l(__dczerorl2.o)
    0x080084de   0x080084de   0x00000002   PAD
    0x080084e0   0x080084e0   0x00000020   Code   RO         1657    i.__0printf         mc_w.l(printfa.o)
    0x08008500   0x08008500   0x00000028   Code   RO         1753    i.__ARM_fpclassify  m_ws.l(fpclassify.o)
    0x08008528   0x08008528   0x00000008   Code   RO         1790    i.__aeabi_errno_addr  mc_w.l(errno.o)
    0x08008530   0x08008530   0x000000aa   Code   RO         1755    i.__kernel_poly     m_ws.l(poly.o)
    0x080085da   0x080085da   0x00000006   Code   RO         1740    i.__mathlib_dbl_infnan  m_ws.l(dunder.o)
    0x080085e0   0x080085e0   0x00000004   Code   RO         1741    i.__mathlib_dbl_infnan2  m_ws.l(dunder.o)
    0x080085e4   0x080085e4   0x0000000c   Code   RO         1742    i.__mathlib_dbl_invalid  m_ws.l(dunder.o)
    0x080085f0   0x080085f0   0x00000010   Code   RO         1745    i.__mathlib_dbl_underflow  m_ws.l(dunder.o)
    0x08008600   0x08008600   0x0000000e   Code   RO         1859    i.__scatterload_copy  mc_w.l(handlers.o)
    0x0800860e   0x0800860e   0x00000002   Code   RO         1860    i.__scatterload_null  mc_w.l(handlers.o)
    0x08008610   0x08008610   0x0000000e   Code   RO         1861    i.__scatterload_zeroinit  mc_w.l(handlers.o)
    0x0800861e   0x0800861e   0x00000002   PAD
    0x08008620   0x08008620   0x0000000c   Code   RO         1792    i.__set_errno       mc_w.l(errno.o)
    0x0800862c   0x0800862c   0x00000184   Code   RO         1664    i._fp_digits        mc_w.l(printfa.o)
    0x080087b0   0x080087b0   0x000006dc   Code   RO         1665    i._printf_core      mc_w.l(printfa.o)
    0x08008e8c   0x08008e8c   0x00000024   Code   RO         1666    i._printf_post_padding  mc_w.l(printfa.o)
    0x08008eb0   0x08008eb0   0x0000002e   Code   RO         1667    i._printf_pre_padding  mc_w.l(printfa.o)
    0x08008ede   0x08008ede   0x00000002   PAD
    0x08008ee0   0x08008ee0   0x00000270   Code   RO         1392    i.asin              m_ws.l(asin.o)
    0x08009150   0x08009150   0x00000220   Code   RO         1730    i.atan              m_ws.l(atan.o)
    0x08009370   0x08009370   0x00000180   Code   RO         1402    i.atan2             m_ws.l(atan2.o)
    0x080094f0   0x080094f0   0x0000004c   Code   RO         1759    i.sqrt              m_ws.l(sqrt.o)
    0x0800953c   0x0800953c   0x00000050   Data   RO          500    .constdata          inv_mpu.o
    0x0800958c   0x0800958c   0x00000bf6   Data   RO          537    .constdata          inv_mpu_dmp_motion_driver.o
    0x0800a182   0x0800a182   0x00000818   Data   RO          569    .constdata          oled.o
    0x0800a99a   0x0800a99a   0x00000002   PAD
    0x0800a99c   0x0800a99c   0x00000020   Data   RO          763    .constdata          tracking.o
    0x0800a9bc   0x0800a9bc   0x00000004   PAD
    0x0800a9c0   0x0800a9c0   0x00000050   Data   RO         1393    .constdata          m_ws.l(asin.o)
    0x0800aa10   0x0800aa10   0x00000098   Data   RO         1731    .constdata          m_ws.l(atan.o)
    0x0800aaa8   0x0800aaa8   0x00000008   Data   RO         1757    .constdata          m_ws.l(qnan.o)
    0x0800aab0   0x0800aab0   0x00000081   Data   RO         1819    .constdata          mc_w.l(ctype_o.o)
    0x0800ab31   0x0800ab31   0x00000003   PAD
    0x0800ab34   0x0800ab34   0x00000004   Data   RO         1820    .constdata          mc_w.l(ctype_o.o)
    0x0800ab38   0x0800ab38   0x00000081   Data   RO            5    .conststring        main.o
    0x0800abb9   0x0800abb9   0x00000003   PAD
    0x0800abbc   0x0800abbc   0x0000004d   Data   RO          501    .conststring        inv_mpu.o
    0x0800ac09   0x0800ac09   0x00000003   PAD
    0x0800ac0c   0x0800ac0c   0x00000020   Data   RO         1857    Region$$Table       anon$$obj.o


    Execution Region RW_IRAM1 (Exec base: 0x20000000, Load base: 0x0800ac2c, Size: 0x00000a40, Max: 0x00005000, ABSOLUTE, COMPRESSED[0x000001c0])

    Exec Addr    Load Addr    Size         Type   Attr      Idx    E Section Name        Object

    0x20000000   COMPRESSED   0x00000030   Data   RW            6    .data               main.o
    0x20000030   COMPRESSED   0x00000014   Data   RW          303    .data               system_stm32f10x.o
    0x20000044   COMPRESSED   0x00000004   Data   RW          333    .data               delay.o
    0x20000048   COMPRESSED   0x00000005   Data   RW          421    .data               usart.o
    0x2000004d   COMPRESSED   0x00000003   PAD
    0x20000050   COMPRESSED   0x00000035   Data   RW          502    .data               inv_mpu.o
    0x20000085   COMPRESSED   0x00000380   Data   RW          570    .data               oled.o
    0x20000405   COMPRESSED   0x00000003   PAD
    0x20000408   COMPRESSED   0x00000044   Data   RW          600    .data               control.o
    0x2000044c   COMPRESSED   0x00000002   Data   RW          675    .data               motor.o
    0x2000044e   COMPRESSED   0x0000000d   Data   RW          731    .data               usart3.o
    0x2000045b   COMPRESSED   0x00000001   PAD
    0x2000045c   COMPRESSED   0x0000001c   Data   RW          764    .data               tracking.o
    0x20000478   COMPRESSED   0x00000014   Data   RW         1225    .data               stm32f10x_rcc.o
    0x2000048c   COMPRESSED   0x00000004   Data   RW         1793    .data               mc_w.l(errno.o)
    0x20000490        -       0x00000040   Zero   RW          420    .bss                usart.o
    0x200004d0        -       0x00000010   Zero   RW          536    .bss                inv_mpu_dmp_motion_driver.o
    0x200004e0        -       0x00000020   Zero   RW          730    .bss                usart3.o
    0x20000500        -       0x0000013c   Zero   RW          762    .bss                tracking.o
    0x2000063c   COMPRESSED   0x00000004   PAD
    0x20000640        -       0x00000400   Zero   RW          804    STACK               startup_stm32f10x_md.o


==============================================================================

Image component sizes


      Code (inc. data)   RO Data    RW Data    ZI Data      Debug   Object Name

      1328        204          0         68          0       3043   control.o
       212         18          0          4          0     207179   delay.o
       416         14          0          0          0       1521   encoder.o
        80          6          0          0          0        572   exti.o
      8840        198        157         53          0      24069   inv_mpu.o
      3440        126       3062          0         16      15507   inv_mpu_dmp_motion_driver.o
       468         66        129         48          0     242384   main.o
       220         22          0          0          0     207909   misc.o
       320         34          0          2          0       1701   motor.o
       872         18          0          0          0       4431   mpu6050.o
       580         14          0          0          0       2086   mpuiic.o
      3092         34       2072        896          0      10399   oled.o
       172         10          0          0          0        756   pwm.o
        36          8        236          0       1024        860   startup_stm32f10x_md.o
       284         10          0          0          0       2455   stm32f10x_exti.o
       860         38          0          0          0       5933   stm32f10x_gpio.o
        26          0          0          0          0      45202   stm32f10x_it.o
       932         36          0         20          0       9212   stm32f10x_rcc.o
      3610         88          0          0          0      23040   stm32f10x_tim.o
      1032         22          0          0          0       8660   stm32f10x_usart.o
        98          0          0          0          0        550   sys.o
       480         38          0         20          0       2043   system_stm32f10x.o
      1012         84         32         28        316       5191   tracking.o
       292         18          0          5         64       3123   usart.o
       668         72          0         13         32       3631   usart3.o

    ----------------------------------------------------------------------
     29376       1178       5732       1164       1456     831457   Object Totals
         0          0         32          0          0          0   (incl. Generated)
         6          0         12          7          4          0   (incl. Padding)

    ----------------------------------------------------------------------

      Code (inc. data)   RO Data    RW Data    ZI Data      Debug   Library Member Name

       624         52         80          0          0        168   asin.o
       544         70        152          0          0        124   atan.o
       384         38          0          0          0        144   atan2.o
        38          6          0          0          0        272   dunder.o
        40          0          0          0          0         68   fpclassify.o
       170          0          0          0          0         96   poly.o
         0          0          8          0          0          0   qnan.o
        76          0          0          0          0         84   sqrt.o
        56          8          0          0          0         84   __0sscanf.o
        86          0          0          0          0          0   __dczerorl2.o
        28          0          0          0          0         68   _chval.o
       812          4          0          0          0        112   _scanf.o
       224          0          0          0          0         96   _scanf_str.o
        64          0          0          0          0         84   _sgetc.o
       158          0          0          0          0         92   _strtoul.o
        26          0          0          0          0         80   atoi.o
         8          4        133          0          0         68   ctype_o.o
         0          0          0          0          0          0   entry.o
         0          0          0          0          0          0   entry10a.o
         0          0          0          0          0          0   entry11a.o
         8          4          0          0          0          0   entry2.o
         4          0          0          0          0          0   entry5.o
         0          0          0          0          0          0   entry7b.o
         0          0          0          0          0          0   entry8b.o
         8          4          0          0          0          0   entry9a.o
        20         10          0          4          0        136   errno.o
        30          0          0          0          0          0   handlers.o
        36          8          0          0          0         68   init.o
        18          0          0          0          0         76   isspace_o.o
         0          0          0          0          0          0   iusefp.o
        98          0          0          0          0         84   ldiv.o
        30          0          0          0          0         68   llshl.o
        36          0          0          0          0         68   llsshr.o
        32          0          0          0          0         68   llushr.o
        26          0          0          0          0         80   memcmp.o
        36          0          0          0          0         68   memcpya.o
        36          0          0          0          0        108   memseta.o
      2258         90          0          0          0        452   printfa.o
        40          8          0          0          0         84   scanf_char.o
        14          0          0          0          0         68   strlen.o
       112          0          0          0          0         88   strtol.o
        44          0          0          0          0         80   uidiv.o
        98          0          0          0          0         92   uldiv.o
        48          0          0          0          0         68   cdcmple.o
        48          0          0          0          0         68   cdrcmple.o
        20          0          0          0          0         68   cfcmple.o
        20          0          0          0          0         68   cfrcmple.o
        56          0          0          0          0         88   d2f.o
       334          0          0          0          0        148   dadd.o
       222          0          0          0          0        100   ddiv.o
       186          0          0          0          0        176   depilogue.o
        62          0          0          0          0         80   dfixi.o
        50          0          0          0          0         76   dfixui.o
        48          0          0          0          0         68   dfixul.o
        34          0          0          0          0         76   dflti.o
        26          0          0          0          0         76   dfltui.o
       228          0          0          0          0         96   dmul.o
        46          0          0          0          0         80   dscalb.o
       162          0          0          0          0        100   dsqrt.o
        38          0          0          0          0         68   f2d.o
       176          0          0          0          0        140   fadd.o
       124          0          0          0          0         88   fdiv.o
       110          0          0          0          0        168   fepilogue.o
        50          0          0          0          0         68   ffixi.o
        40          0          0          0          0         68   ffixui.o
        18          0          0          0          0         68   fflti.o
        10          0          0          0          0         68   ffltui.o
       100          0          0          0          0         76   fmul.o

    ----------------------------------------------------------------------
      8592        306        376          4          0       5576   Library Totals
        14          0          3          0          0          0   (incl. Padding)

    ----------------------------------------------------------------------

      Code (inc. data)   RO Data    RW Data    ZI Data      Debug   Library Name

      1876        166        240          0          0        956   m_ws.l
      4446        140        133          4          0       2372   mc_w.l
      2256          0          0          0          0       2248   mf_w.l

    ----------------------------------------------------------------------
      8592        306        376          4          0       5576   Library Totals

    ----------------------------------------------------------------------

==============================================================================


      Code (inc. data)   RO Data    RW Data    ZI Data      Debug   

     37968       1484       6108       1168       1456     831857   Grand Totals
     37968       1484       6108        448       1456     831857   ELF Image Totals (compressed)
     37968       1484       6108        448          0          0   ROM Totals

==============================================================================

    Total RO  Size (Code + RO Data)                44076 (  43.04kB)
    Total RW  Size (RW Data + ZI Data)              2624 (   2.56kB)
    Total ROM Size (Code + RO Data + RW Data)      44524 (  43.48kB)

==============================================================================

