Component: ARM Compiler 5.06 update 6 (build 750) Tool: armlink [4d35ed]

==============================================================================

Section Cross References

    main.o(.text) refers to delay.o(.text) for delay_init
    main.o(.text) refers to sys.o(.text) for NVIC_Config
    main.o(.text) refers to usart.o(.text) for uart1_init
    main.o(.text) refers to usart3.o(.text) for uart3_init
    main.o(.text) refers to mpu6050.o(.text) for MPU_Init
    main.o(.text) refers to inv_mpu.o(.text) for mpu_dmp_init
    main.o(.text) refers to exti.o(.text) for MPU6050_EXTI_Init
    main.o(.text) refers to encoder.o(.text) for Encoder_TIM2_Init
    main.o(.text) refers to motor.o(.text) for Motor_Init
    main.o(.text) refers to pwm.o(.text) for PWM_Init_TIM1
    main.o(.text) refers to fflti.o(.text) for __aeabi_i2f
    main.o(.text) refers to fmul.o(.text) for __aeabi_fmul
    main.o(.text) refers to f2d.o(.text) for __aeabi_f2d
    main.o(.text) refers to printfa.o(i.__0printf) for __2printf
    main.o(.text) refers to main.o(.data) for Encoder_Left
    main.o(.text) refers to main.o(.conststring) for .conststring
    system_stm32f10x.o(.text) refers to system_stm32f10x.o(.data) for SystemCoreClock
    delay.o(.text) refers to misc.o(.text) for SysTick_CLKSourceConfig
    delay.o(.text) refers to system_stm32f10x.o(.data) for SystemCoreClock
    delay.o(.text) refers to delay.o(.data) for fac_us
    sys.o(.text) refers to misc.o(.text) for NVIC_PriorityGroupConfig
    usart.o(.text) refers to _scanf_str.o(.text) for _scanf_string
    usart.o(.text) refers to scanf_fp.o(.text) for _scanf_real
    usart.o(.text) refers to control.o(.text) for Control_GetPidValues
    usart.o(.text) refers to tracking.o(.text) for Tracking_GetPidValues
    usart.o(.text) refers to f2d.o(.text) for __aeabi_f2d
    usart.o(.text) refers to printfa.o(i.__0printf) for __2printf
    usart.o(.text) refers to memseta.o(.text) for __aeabi_memclr
    usart.o(.text) refers to strcmp.o(.text) for strcmp
    usart.o(.text) refers to __0sscanf.o(.text) for __0sscanf
    usart.o(.text) refers to stm32f10x_rcc.o(.text) for RCC_APB2PeriphClockCmd
    usart.o(.text) refers to stm32f10x_gpio.o(.text) for GPIO_Init
    usart.o(.text) refers to stm32f10x_usart.o(.text) for USART_Init
    usart.o(.text) refers to usart.o(.conststring) for .conststring
    usart.o(.text) refers to usart.o(.data) for USART_RX_STA
    usart.o(.text) refers to usart.o(.bss) for USART_RX_BUF
    mpuiic.o(.text) refers to delay.o(.text) for delay_us
    mpuiic.o(.text) refers to stm32f10x_rcc.o(.text) for RCC_APB2PeriphClockCmd
    mpuiic.o(.text) refers to stm32f10x_gpio.o(.text) for GPIO_Init
    mpu6050.o(.text) refers to mpuiic.o(.text) for MPU_IIC_Start
    mpu6050.o(.text) refers to delay.o(.text) for delay_ms
    mpu6050.o(.text) refers to dflti.o(.text) for __aeabi_i2d
    mpu6050.o(.text) refers to ddiv.o(.text) for __aeabi_ddiv
    mpu6050.o(.text) refers to dadd.o(.text) for __aeabi_dadd
    mpu6050.o(.text) refers to d2f.o(.text) for __aeabi_d2f
    mpu6050.o(.text) refers to fmul.o(.text) for __aeabi_fmul
    mpu6050.o(.text) refers to ffixi.o(.text) for __aeabi_f2iz
    inv_mpu.o(.text) refers to mpu6050.o(.text) for MPU_Write_Len
    inv_mpu.o(.text) refers to printfa.o(i.__0printf) for __2printf
    inv_mpu.o(.text) refers to delay.o(.text) for delay_ms
    inv_mpu.o(.text) refers to inv_mpu.o(.data) for st
    inv_mpu.o(.text) refers to ffltui.o(.text) for __aeabi_ui2f
    inv_mpu.o(.text) refers to fflti.o(.text) for __aeabi_i2f
    inv_mpu.o(.text) refers to fadd.o(.text) for __aeabi_fsub
    inv_mpu.o(.text) refers to fdiv.o(.text) for __aeabi_fdiv
    inv_mpu.o(.text) refers to fmul.o(.text) for __aeabi_fmul
    inv_mpu.o(.text) refers to ffixi.o(.text) for __aeabi_f2iz
    inv_mpu.o(.text) refers to inv_mpu.o(.conststring) for .conststring
    inv_mpu.o(.text) refers to cfcmple.o(.text) for __aeabi_cfcmpeq
    inv_mpu.o(.text) refers to cfrcmple.o(.text) for __aeabi_cfrcmple
    inv_mpu.o(.text) refers to inv_mpu.o(.constdata) for test
    inv_mpu.o(.text) refers to ldiv.o(.text) for __aeabi_ldivmod
    inv_mpu.o(.text) refers to memcmp.o(.text) for memcmp
    inv_mpu.o(.text) refers to inv_mpu_dmp_motion_driver.o(.text) for dmp_set_gyro_bias
    inv_mpu.o(.text) refers to mpuiic.o(.text) for MPU_IIC_Init
    inv_mpu.o(.text) refers to f2d.o(.text) for __aeabi_f2d
    inv_mpu.o(.text) refers to asin.o(i.asin) for asin
    inv_mpu.o(.text) refers to dmul.o(.text) for __aeabi_dmul
    inv_mpu.o(.text) refers to d2f.o(.text) for __aeabi_d2f
    inv_mpu.o(.text) refers to atan2.o(i.atan2) for atan2
    inv_mpu.o(.data) refers to inv_mpu.o(.constdata) for reg
    inv_mpu_dmp_motion_driver.o(.text) refers to inv_mpu.o(.text) for mpu_load_firmware
    inv_mpu_dmp_motion_driver.o(.text) refers to inv_mpu_dmp_motion_driver.o(.constdata) for dmp_memory
    inv_mpu_dmp_motion_driver.o(.text) refers to inv_mpu_dmp_motion_driver.o(.bss) for dmp
[...]
    .text                                    0x08006fbc   Section        0  __0sscanf.o(.text)
    .text                                    0x08006ff4   Section        0  _scanf_str.o(.text)
    .text                                    0x080070d4   Section        0  scanf_fp.o(.text)
    _fp_value                                0x080070d5   Thumb Code   296  scanf_fp.o(.text)
    .text                                    0x08007434   Section        0  atoi.o(.text)
    .text                                    0x0800744e   Section        0  fadd.o(.text)
    .text                                    0x080074fe   Section        0  fmul.o(.text)
    .text                                    0x08007562   Section        0  fdiv.o(.text)
    .text                                    0x080075de   Section        0  dadd.o(.text)
    .text                                    0x0800772c   Section        0  dmul.o(.text)
    .text                                    0x08007810   Section        0  ddiv.o(.text)
    .text                                    0x080078ee   Section        0  fflti.o(.text)
    .text                                    0x08007900   Section        0  ffltui.o(.text)
    .text                                    0x0800790a   Section        0  dflti.o(.text)
    .text                                    0x0800792c   Section        0  ffixi.o(.text)
    .text                                    0x0800795e   Section        0  ffixui.o(.text)
    .text                                    0x08007986   Section        0  f2d.o(.text)
    .text                                    0x080079ac   Section        0  d2f.o(.text)
    .text                                    0x080079e4   Section       20  cfcmple.o(.text)
    .text                                    0x080079f8   Section       20  cfrcmple.o(.text)
    .text                                    0x08007a0c   Section        0  uidiv.o(.text)
    .text                                    0x08007a38   Section        0  uldiv.o(.text)
    .text                                    0x08007a9a   Section        0  llshl.o(.text)
    .text                                    0x08007ab8   Section        0  llushr.o(.text)
    .text                                    0x08007ad8   Section        0  llsshr.o(.text)
    .text                                    0x08007afc   Section        0  scanf_char.o(.text)
    _scanf_char_input                        0x08007afd   Thumb Code    12  scanf_char.o(.text)
    .text                                    0x08007b24   Section        0  _sgetc.o(.text)
    .text                                    0x08007b64   Section        0  strtol.o(.text)
    .text                                    0x08007bd4   Section        0  fepilogue.o(.text)
    .text                                    0x08007bd4   Section        0  iusefp.o(.text)
    .text                                    0x08007c42   Section        0  depilogue.o(.text)
    .text                                    0x08007cfc   Section        0  dscalb.o(.text)
    .text                                    0x08007d2a   Section        0  dfltul.o(.text)
    .text                                    0x08007d42   Section        0  dfixul.o(.text)
    .text                                    0x08007d74   Section       48  cdrcmple.o(.text)
    .text                                    0x08007da4   Section       36  init.o(.text)
    .text                                    0x08007dc8   Section        0  ctype_o.o(.text)
    .text                                    0x08007dd0   Section        0  isspace_o.o(.text)
    .text                                    0x08007de4   Section        0  _scanf.o(.text)
    .text                                    0x08008110   Section        0  _strtoul.o(.text)
    .text                                    0x080081ae   Section        0  dsqrt.o(.text)
    .text                                    0x08008250   Section        0  _chval.o(.text)
    .text                                    0x0800826c   Section        0  __dczerorl2.o(.text)
    i.__0printf                              0x080082c4   Section        0  printfa.o(i.__0printf)
    i.__ARM_fpclassify                       0x080082e4   Section        0  fpclassify.o(i.__ARM_fpclassify)
    i.__aeabi_errno_addr                     0x0800830c   Section        0  errno.o(i.__aeabi_errno_addr)
    i.__kernel_poly                          0x08008314   Section        0  poly.o(i.__kernel_poly)
    i.__mathlib_dbl_infnan                   0x080083be   Section        0  dunder.o(i.__mathlib_dbl_infnan)
    i.__mathlib_dbl_infnan2                  0x080083c4   Section        0  dunder.o(i.__mathlib_dbl_infnan2)
    i.__mathlib_dbl_invalid                  0x080083c8   Section        0  dunder.o(i.__mathlib_dbl_invalid)
    i.__mathlib_dbl_underflow                0x080083d4   Section        0  dunder.o(i.__mathlib_dbl_underflow)
    i.__scatterload_copy                     0x080083e4   Section       14  handlers.o(i.__scatterload_copy)
    i.__scatterload_null                     0x080083f2   Section        2  handlers.o(i.__scatterload_null)
    i.__scatterload_zeroinit                 0x080083f4   Section       14  handlers.o(i.__scatterload_zeroinit)
    i.__set_errno                            0x08008404   Section        0  errno.o(i.__set_errno)
    i._fp_digits                             0x08008410   Section        0  printfa.o(i._fp_digits)
    _fp_digits                               0x08008411   Thumb Code   366  printfa.o(i._fp_digits)
    i._is_digit                              0x08008594   Section        0  scanf_fp.o(i._is_digit)
    i._printf_core                           0x080085a4   Section        0  printfa.o(i._printf_core)
    _printf_core                             0x080085a5   Thumb Code  1744  printfa.o(i._printf_core)
    i._printf_post_padding                   0x08008c80   Section        0  printfa.o(i._printf_post_padding)
    _printf_post_padding                     0x08008c81   Thumb Code    36  printfa.o(i._printf_post_padding)
    i._printf_pre_padding                    0x08008ca4   Section        0  printfa.o(i._printf_pre_padding)
    _printf_pre_padding                      0x08008ca5   Thumb Code    46  printfa.o(i._printf_pre_padding)
    i.asin                                   0x08008cd4   Section        0  asin.o(i.asin)
    i.atan                                   0x08008f44   Section        0  atan.o(i.atan)
    i.atan2                                  0x08009164   Section        0  atan2.o(i.atan2)
    i.sqrt                                   0x080092e4   Section        0  sqrt.o(i.sqrt)
    .constdata                               0x08009330   Section       80  inv_mpu.o(.constdata)
    .constdata                               0x08009380   Section     3062  inv_mpu_dmp_motion_driver.o(.constdata)
    dmp_memory                               0x08009380   Data        3062  inv_mpu_dmp_motion_driver.o(.constdata)
    .constdata                               0x08009f78   Section       32  tracking.o(.constdata)
    tracking_weights                         0x08009f78   Data          32  tracking.o(.constdata)
    .constdata                               0x08009f98   Section       80  asin.o(.constdata)
    pS                                       0x08009f98   Data          48  asin.o(.constdata)
    qS                                       0x08009fc8   Data          32  asin.o(.constdata)
    .constdata                               0x08009fe8   Section      152  atan.o(.constdata)
    atanhi                                   0x08009fe8   Data          32  atan.o(.constdata)
    atanlo                                   0x0800a008   Data          32  atan.o(.constdata)
    aTodd                                    0x0800a028   Data          40  atan.o(.constdata)
    aTeven                                   0x0800a050   Data          48  atan.o(.constdata)
    .constdata                               0x0800a080   Section        8  qnan.o(.constdata)
    .constdata                               0x0800a088   Section      129  ctype_o.o(.constdata)
    .constdata                               0x0800a10c   Section        4  ctype_o.o(.constdata)
    table                                    0x0800a10c   Data           4  ctype_o.o(.constdata)
    .conststring                             0x0800a110   Section       96  main.o(.conststring)
    .conststring                             0x0800a170   Section      151  usart.o(.conststring)
    .conststring                             0x0800a208   Section       77  inv_mpu.o(.conststring)
    .data                                    0x20000000   Section       48  main.o(.data)
    .data                                    0x20000030   Section       20  system_stm32f10x.o(.data)
    .data                                    0x20000044   Section        4  delay.o(.data)
    fac_us                                   0x20000044   Data           1  delay.o(.data)
    fac_ms                                   0x20000046   Data           2  delay.o(.data)
    .data                                    0x20000048   Section        5  usart.o(.data)
    .data                                    0x20000050   Section       53  inv_mpu.o(.data)
    st                                       0x20000050   Data          44  inv_mpu.o(.data)
    gyro_orientation                         0x2000007c   Data           9  inv_mpu.o(.data)
    .data                                    0x20000088   Section       68  control.o(.data)
    Encoder_S                                0x200000b8   Data           4  control.o(.data)
    EnC_Err_Lowout_last                      0x200000bc   Data           4  control.o(.data)
    PWM_out                                  0x200000c0   Data           4  control.o(.data)
    Encoder_Err                              0x200000c4   Data           4  control.o(.data)
    EnC_Err_Lowout                           0x200000c8   Data           4  control.o(.data)
    .data                                    0x200000cc   Section        2  motor.o(.data)
    .data                                    0x200000d0   Section       28  usart3.o(.data)
    g_k230_color                             0x200000d4   Data           6  usart3.o(.data)
    g_k230_line                              0x200000dc   Data          12  usart3.o(.data)
    g_k230_frame_counter                     0x200000e8   Data           1  usart3.o(.data)
    g_k230_line_counter                      0x200000e9   Data           1  usart3.o(.data)
    start                                    0x200000ea   Data           1  usart3.o(.data)
    index                                    0x200000eb   Data           1  usart3.o(.data)
    .data                                    0x200000ec   Section       40  tracking.o(.data)
    tracking_irq_fifo_head                   0x20000102   Data           2  tracking.o(.data)
    tracking_irq_fifo_tail                   0x20000104   Data           2  tracking.o(.data)
    tracking_active                          0x20000106   Data           1  tracking.o(.data)
    tracking_error                           0x20000108   Data           4  tracking.o(.data)
    tracking_has_line                        0x2000010c   Data           1  tracking.o(.data)
    start                                    0x2000010d   Data           1  tracking.o(.data)
    step                                     0x2000010e   Data           1  tracking.o(.data)
    integral                                 0x20000110   Data           4  tracking.o(.data)
    .data                                    0x20000114   Section       20  stm32f10x_rcc.o(.data)
    APBAHBPrescTable                         0x20000114   Data          16  stm32f10x_rcc.o(.data)
    ADCPrescTable                            0x20000124   Data           4  stm32f10x_rcc.o(.data)
    .data                                    0x20000128   Section        4  errno.o(.data)
    _errno                                   0x20000128   Data           4  errno.o(.data)
    .bss                                     0x2000012c   Section       64  usart.o(.bss)
    .bss                                     0x2000016c   Section       16  inv_mpu_dmp_motion_driver.o(.bss)
    dmp                                      0x2000016c   Data          16  inv_mpu_dmp_motion_driver.o(.bss)
    .bss                                     0x2000017c   Section       64  usart3.o(.bss)
    g_k230_rx_buf                            0x2000017c   Data          64  usart3.o(.bss)
    .bss                                     0x200001bc   Section      300  tracking.o(.bss)
    tracking_rx_buff                         0x200001bc   Data         100  tracking.o(.bss)
    tracking_new_package                     0x20000220   Data         100  tracking.o(.bss)
    tracking_irq_fifo                        0x20000284   Data         100  tracking.o(.bss)
    STACK                                    0x200002e8   Section     1024  startup_stm32f10x_md.o(STACK)

    Global Symbols

    Symbol Name                              Value     Ov Type        Size  Object(Section)

    BuildAttributes$$THM_ISAv4$P$D$K$B$S$PE$A:L22UL41UL21$X:L11$S22US41US21$IEEE1$IW$USESV6$~STKCKD$USESV7$~SHL$OTIME$ROPI$IEEEX$EBA8$MICROLIB$REQ8$PRES8$EABIv2 0x00000000   Number         0  anon$$obj.o ABSOLUTE
    __ARM_use_no_argv                        0x00000000   Number         0  main.o ABSOLUTE
    __use_no_errno                           0x00000000   Number         0  useno.o ABSOLUTE
    __use_no_exception_handling              0x00000000   Number         0  useno.o ABSOLUTE
    __use_no_fp                              0x00000000   Number         0  useno.o ABSOLUTE
    __use_no_heap                            0x00000000   Number         0  useno.o ABSOLUTE
    __use_no_heap_region                     0x00000000   Number         0  useno.o ABSOLUTE
    __use_no_semihosting                     0x00000000   Number         0  useno.o ABSOLUTE
    __use_no_semihosting_swi                 0x00000000   Number         0  useno.o ABSOLUTE
    __use_no_signal_handling                 0x00000000   Number         0  useno.o ABSOLUTE
    _printf_a                                0x00000000   Number         0  stubs.o ABSOLUTE
    _printf_c                                0x00000000   Number         0  stubs.o ABSOLUTE
    _printf_charcount                        0x00000000   Number         0  stubs.o ABSOLUTE
    _printf_d                                0x00000000   Number         0  stubs.o ABSOLUTE
    _printf_e                                0x00000000   Number         0  stubs.o ABSOLUTE
    _printf_f                                0x00000000   Number         0  stubs.o ABSOLUTE
    _printf_flags                            0x00000000   Number         0  stubs.o ABSOLUTE
    _printf_fp_dec                           0x00000000   Number         0  stubs.o ABSOLUTE
    _printf_fp_hex                           0x00000000   Number         0  stubs.o ABSOLUTE
    _printf_g                                0x00000000   Number         0  stubs.o ABSOLUTE
    _printf_i                                0x00000000   Number         0  stubs.o ABSOLUTE
    _printf_int_dec                          0x00000000   Number         0  stubs.o ABSOLUTE
    _printf_l                                0x00000000   Number         0  stubs.o ABSOLUTE
    _printf_lc                               0x00000000   Number         0  stubs.o ABSOLUTE
    _printf_ll                               0x00000000   Number         0  stubs.o ABSOLUTE
    _printf_lld                              0x00000000   Number         0  stubs.o ABSOLUTE
    _printf_lli                              0x00000000   Number         0  stubs.o ABSOLUTE
    _printf_llo                              0x00000000   Number         0  stubs.o ABSOLUTE
    _printf_llu                              0x00000000   Number         0  stubs.o ABSOLUTE
    _printf_llx                              0x00000000   Number         0  stubs.o ABSOLUTE
    _printf_longlong_dec                     0x00000000   Number         0  stubs.o ABSOLUTE
    _printf_longlong_hex                     0x00000000   Number         0  stubs.o ABSOLUTE
    _printf_longlong_oct                     0x00000000   Number         0  stubs.o ABSOLUTE
    _printf_ls                               0x00000000   Number         0  stubs.o ABSOLUTE
    _printf_mbtowc                           0x00000000   Number         0  stubs.o ABSOLUTE
    _printf_n                                0x00000000   Number         0  stubs.o ABSOLUTE
    _printf_o                                0x00000000   Number         0  stubs.o ABSOLUTE
    _printf_p                                0x00000000   Number         0  stubs.o ABSOLUTE
    _printf_percent                          0x00000000   Number         0  stubs.o ABSOLUTE
    _printf_pre_padding                      0x00000000   Number         0  stubs.o ABSOLUTE
    _printf_return_value                     0x00000000   Number         0  stubs.o ABSOLUTE
    _printf_s                                0x00000000   Number         0  stubs.o ABSOLUTE
    _printf_sizespec                         0x00000000   Number         0  stubs.o ABSOLUTE
    _printf_str                              0x00000000   Number         0  stubs.o ABSOLUTE
    _printf_truncate_signed                  0x00000000   Number         0  stubs.o ABSOLUTE
    _printf_truncate_unsigned                0x00000000   Number         0  stubs.o ABSOLUTE
    _printf_u                                0x00000000   Number         0  stubs.o ABSOLUTE
    _printf_wc                               0x00000000   Number         0  stubs.o ABSOLUTE
    _printf_wctomb                           0x00000000   Number         0  stubs.o ABSOLUTE
    _printf_widthprec                        0x00000000   Number         0  stubs.o ABSOLUTE
    _printf_x                                0x00000000   Number         0  stubs.o ABSOLUTE
    __cpp_initialize__aeabi_                  - Undefined Weak Reference
    __cxa_finalize                            - Undefined Weak Reference
    _clock_init                               - Undefined Weak Reference
    _microlib_exit                            - Undefined Weak Reference
    _scanf_int                                - Undefined Weak Reference
    _scanf_longlong                           - Undefined Weak Reference
    __Vectors_Size                           0x000000ec   Number         0  startup_stm32f10x_md.o ABSOLUTE
    __Vectors                                0x08000000   Data           4  startup_stm32f10x_md.o(RESET)
    __Vectors_End                            0x080000ec   Data           0  startup_stm32f10x_md.o(RESET)
    __main                                   0x080000ed   Thumb Code     0  entry.o(.ARM.Collect$$$$00000000)
    _main_stk                                0x080000ed   Thumb Code     0  entry2.o(.ARM.Collect$$$$00000001)
    _main_scatterload                        0x080000f1   Thumb Code     0  entry5.o(.ARM.Collect$$$$00000004)
    __main_after_scatterload                 0x080000f5   Thumb Code     0  entry5.o(.ARM.Collect$$$$00000004)
    _main_clock                              0x080000f5   Thumb Code     0  entry7b.o(.ARM.Collect$$$$00000008)
    _main_cpp_init                           0x080000f5   Thumb Code     0  entry8b.o(.ARM.Collect$$$$0000000A)
    _main_init                               0x080000f5   Thumb Code     0  entry9a.o(.ARM.Collect$$$$0000000B)
    __rt_final_cpp                           0x080000fd   Thumb Code     0  entry10a.o(.ARM.Collect$$$$0000000D)
    __rt_final_exit                          0x080000fd   Thumb Code     0  entry11a.o(.ARM.Collect$$$$0000000F)
    main                                     0x08000101   Thumb Code   208  main.o(.text)
    NMI_Handler                              0x080001ed   Thumb Code     2  stm32f10x_it.o(.text)
    HardFault_Handler                        0x080001ef   Thumb Code     4  stm32f10x_it.o(.text)
    MemManage_Handler                        0x080001f3   Thumb Code     4  stm32f10x_it.o(.text)
    BusFault_Handler                         0x080001f7   Thumb Code     4  stm32f10x_it.o(.text)
    UsageFault_Handler                       0x080001fb   Thumb Code     4  stm32f10x_it.o(.text)
    SVC_Handler                              0x080001ff   Thumb Code     2  stm32f10x_it.o(.text)
    DebugMon_Handler                         0x08000201   Thumb Code     2  stm32f10x_it.o(.text)
    PendSV_Handler                           0x08000203   Thumb Code     2  stm32f10x_it.o(.text)
    SysTick_Handler                          0x08000205   Thumb Code     2  stm32f10x_it.o(.text)
    SystemInit                               0x080002e7   Thumb Code    78  system_stm32f10x.o(.text)
    SystemCoreClockUpdate                    0x08000335   Thumb Code   142  system_stm32f10x.o(.text)
    delay_init                               0x080003e9   Thumb Code    50  delay.o(.text)
    delay_us                                 0x0800041b   Thumb Code    72  delay.o(.text)
    delay_ms                                 0x08000463   Thumb Code    72  delay.o(.text)
    NVIC_Config                              0x080004bd   Thumb Code   126  sys.o(.text)
    _sys_exit                                0x0800053d   Thumb Code     4  usart.o(.text)
    fputc                                    0x08000541   Thumb Code    24  usart.o(.text)
    USART1_ProcessCommand                    0x08000617   Thumb Code   210  usart.o(.text)
    uart1_init                               0x080006e9   Thumb Code   124  usart.o(.text)
    USART1_IRQHandler                        0x08000765   Thumb Code   122  usart.o(.text)
    MPU_IIC_Delay                            0x080008b1   Thumb Code    10  mpuiic.o(.text)
    MPU_IIC_Init                             0x080008bb   Thumb Code    38  mpuiic.o(.text)
    MPU_IIC_Start                            0x080008e1   Thumb Code    60  mpuiic.o(.text)
    MPU_IIC_Stop                             0x0800091d   Thumb Code    62  mpuiic.o(.text)
    MPU_IIC_Wait_Ack                         0x0800095b   Thumb Code    86  mpuiic.o(.text)
    MPU_IIC_Ack                              0x080009b1   Thumb Code    66  mpuiic.o(.text)
    MPU_IIC_NAck                             0x080009f3   Thumb Code    66  mpuiic.o(.text)
    MPU_IIC_Send_Byte                        0x08000a35   Thumb Code    82  mpuiic.o(.text)
    MPU_IIC_Read_Byte                        0x08000a87   Thumb Code    96  mpuiic.o(.text)
    MPU_Write_Byte                           0x08000af5   Thumb Code    68  mpu6050.o(.text)
    MPU_Set_LPF                              0x08000b39   Thumb Code    58  mpu6050.o(.text)
    MPU_Set_Rate                             0x08000b73   Thumb Code    58  mpu6050.o(.text)
    MPU_Read_Byte                            0x08000bad   Thumb Code    58  mpu6050.o(.text)
    MPU_Set_Accel_Fsr                        0x08000be7   Thumb Code    16  mpu6050.o(.text)
    MPU_Set_Gyro_Fsr                         0x08000bf7   Thumb Code    16  mpu6050.o(.text)
    MPU_Init                                 0x08000c07   Thumb Code   122  mpu6050.o(.text)
    MPU_Read_Len                             0x08000c81   Thumb Code   116  mpu6050.o(.text)
    MPU_Get_Temperature                      0x08000cf5   Thumb Code    86  mpu6050.o(.text)
    MPU_Get_Gyroscope                        0x08000d4b   Thumb Code    80  mpu6050.o(.text)
    MPU_Get_Accelerometer                    0x08000d9b   Thumb Code    80  mpu6050.o(.text)
    MPU_Write_Len                            0x08000deb   Thumb Code    96  mpu6050.o(.text)
    mpu_reg_dump                             0x08000ee7   Thumb Code    84  inv_mpu.o(.text)
    mpu_read_reg                             0x08000f3b   Thumb Code    66  inv_mpu.o(.text)
    mpu_set_int_latched                      0x08000f7d   Thumb Code   102  inv_mpu.o(.text)
    mpu_set_sensors                          0x08000fe3   Thumb Code   202  inv_mpu.o(.text)
    mpu_set_bypass                           0x080010ad   Thumb Code   328  inv_mpu.o(.text)
    mpu_reset_fifo                           0x080011f5   Thumb Code   472  inv_mpu.o(.text)
    mpu_configure_fifo                       0x080013cd   Thumb Code   106  inv_mpu.o(.text)
    mpu_set_lpf                              0x08001437   Thumb Code   126  inv_mpu.o(.text)
    mpu_lp_accel_mode                        0x080014b5   Thumb Code   218  inv_mpu.o(.text)
    mpu_set_sample_rate                      0x0800158f   Thumb Code   152  inv_mpu.o(.text)
    mpu_set_accel_fsr                        0x08001627   Thumb Code   132  inv_mpu.o(.text)
    mpu_set_gyro_fsr                         0x080016ab   Thumb Code   132  inv_mpu.o(.text)
    mpu_init                                 0x0800172f   Thumb Code   416  inv_mpu.o(.text)
    mget_ms                                  0x080018cf   Thumb Code     2  inv_mpu.o(.text)
    mpu_get_gyro_reg                         0x080018d1   Thumb Code   110  inv_mpu.o(.text)
    mpu_get_accel_reg                        0x0800193f   Thumb Code   110  inv_mpu.o(.text)
    mpu_get_temperature                      0x080019ad   Thumb Code   150  inv_mpu.o(.text)
    mpu_set_accel_bias                       0x08001a43   Thumb Code   468  inv_mpu.o(.text)
    mpu_get_gyro_fsr                         0x08001c17   Thumb Code    64  inv_mpu.o(.text)
    mpu_get_accel_fsr                        0x08001c57   Thumb Code    72  inv_mpu.o(.text)
    mpu_get_lpf                              0x08001c9f   Thumb Code    74  inv_mpu.o(.text)
    mpu_get_sample_rate                      0x08001ce9   Thumb Code    26  inv_mpu.o(.text)
    mpu_get_compass_sample_rate              0x08001d03   Thumb Code    10  inv_mpu.o(.text)
    mpu_set_compass_sample_rate              0x08001d0d   Thumb Code     8  inv_mpu.o(.text)
    mpu_get_gyro_sens                        0x08001d15   Thumb Code    58  inv_mpu.o(.text)
    mpu_get_accel_sens                       0x08001d4f   Thumb Code    78  inv_mpu.o(.text)
    mpu_get_fifo_config                      0x08001d9d   Thumb Code    12  inv_mpu.o(.text)
    mpu_get_power_state                      0x08001da9   Thumb Code    22  inv_mpu.o(.text)
    mpu_get_int_status                       0x08001dbf   Thumb Code    64  inv_mpu.o(.text)
    mpu_read_fifo                            0x08001dff   Thumb Code   520  inv_mpu.o(.text)
    mpu_read_fifo_stream                     0x08002007   Thumb Code   186  inv_mpu.o(.text)
    mpu_set_int_level                        0x080020c1   Thumb Code    12  inv_mpu.o(.text)
    mpu_set_dmp_state                        0x080027a1   Thumb Code   138  inv_mpu.o(.text)
    mpu_run_self_test                        0x0800282b   Thumb Code   278  inv_mpu.o(.text)
    mpu_write_mem                            0x08002941   Thumb Code   122  inv_mpu.o(.text)
    mpu_read_mem                             0x080029bb   Thumb Code   122  inv_mpu.o(.text)
    mpu_load_firmware                        0x08002a35   Thumb Code   190  inv_mpu.o(.text)
    mpu_get_dmp_state                        0x08002af3   Thumb Code    14  inv_mpu.o(.text)
    setup_compass                            0x08002b01   Thumb Code     6  inv_mpu.o(.text)
    mpu_get_compass_reg                      0x08002b07   Thumb Code     8  inv_mpu.o(.text)
    mpu_get_compass_fsr                      0x08002b0f   Thumb Code     8  inv_mpu.o(.text)
    mpu_lp_motion_interrupt                  0x08002b17   Thumb Code   512  inv_mpu.o(.text)
    run_self_test                            0x08002d17   Thumb Code   148  inv_mpu.o(.text)
    inv_row_2_scale                          0x08002dab   Thumb Code    78  inv_mpu.o(.text)
    inv_orientation_matrix_to_scalar         0x08002df9   Thumb Code    40  inv_mpu.o(.text)
    mpu_dmp_init                             0x08002e21   Thumb Code   148  inv_mpu.o(.text)
    mpu_dmp_get_data                         0x08002eb5   Thumb Code   554  inv_mpu.o(.text)
    dmp_load_motion_driver_firmware          0x080030e5   Thumb Code    20  inv_mpu_dmp_motion_driver.o(.text)
    dmp_set_orientation                      0x080030f9   Thumb Code   290  inv_mpu_dmp_motion_driver.o(.text)
    dmp_set_gyro_bias                        0x0800321b   Thumb Code   294  inv_mpu_dmp_motion_driver.o(.text)
    dmp_set_accel_bias                       0x08003341   Thumb Code   300  inv_mpu_dmp_motion_driver.o(.text)
    dmp_set_fifo_rate                        0x0800346d   Thumb Code   136  inv_mpu_dmp_motion_driver.o(.text)
    dmp_get_fifo_rate                        0x080034f5   Thumb Code    12  inv_mpu_dmp_motion_driver.o(.text)
    dmp_set_tap_thresh                       0x08003501   Thumb Code   396  inv_mpu_dmp_motion_driver.o(.text)
    dmp_set_tap_axes                         0x0800368d   Thumb Code    70  inv_mpu_dmp_motion_driver.o(.text)
    dmp_set_tap_count                        0x080036d3   Thumb Code    38  inv_mpu_dmp_motion_driver.o(.text)
    dmp_set_tap_time                         0x080036f9   Thumb Code    38  inv_mpu_dmp_motion_driver.o(.text)
    dmp_set_tap_time_multi                   0x0800371f   Thumb Code    38  inv_mpu_dmp_motion_driver.o(.text)
    dmp_set_shake_reject_thresh              0x08003745   Thumb Code    56  inv_mpu_dmp_motion_driver.o(.text)
    dmp_set_shake_reject_time                0x0800377d   Thumb Code    38  inv_mpu_dmp_motion_driver.o(.text)
    dmp_set_shake_reject_timeout             0x080037a3   Thumb Code    38  inv_mpu_dmp_motion_driver.o(.text)
    dmp_get_pedometer_step_count             0x080037c9   Thumb Code    66  inv_mpu_dmp_motion_driver.o(.text)
    dmp_set_pedometer_step_count             0x0800380b   Thumb Code    42  inv_mpu_dmp_motion_driver.o(.text)
    dmp_get_pedometer_walk_time              0x08003835   Thumb Code    72  inv_mpu_dmp_motion_driver.o(.text)
    dmp_set_pedometer_walk_time              0x0800387d   Thumb Code    48  inv_mpu_dmp_motion_driver.o(.text)
    dmp_enable_6x_lp_quat                    0x080038ad   Thumb Code    84  inv_mpu_dmp_motion_driver.o(.text)
    dmp_enable_lp_quat                       0x08003901   Thumb Code    60  inv_mpu_dmp_motion_driver.o(.text)
    dmp_enable_gyro_cal                      0x0800393d   Thumb Code    62  inv_mpu_dmp_motion_driver.o(.text)
    dmp_enable_feature                       0x0800397b   Thumb Code   530  inv_mpu_dmp_motion_driver.o(.text)
    dmp_get_enabled_features                 0x08003b8d   Thumb Code    12  inv_mpu_dmp_motion_driver.o(.text)
    dmp_set_interrupt_mode                   0x08003bf7   Thumb Code    66  inv_mpu_dmp_motion_driver.o(.text)
    dmp_read_fifo                            0x08003c39   Thumb Code   514  inv_mpu_dmp_motion_driver.o(.text)
    dmp_register_tap_cb                      0x08003e3b   Thumb Code    10  inv_mpu_dmp_motion_driver.o(.text)
    dmp_register_android_orient_cb           0x08003e45   Thumb Code    10  inv_mpu_dmp_motion_driver.o(.text)
    Turn                                     0x08003f4d   Thumb Code    68  control.o(.text)
    Vertical                                 0x08003f91   Thumb Code    74  control.o(.text)
    Velocity                                 0x08003fdb   Thumb Code   228  control.o(.text)
    EXTI9_5_IRQHandler                       0x080040bf   Thumb Code   812  control.o(.text)
    Control_SetPidByName                     0x080043eb   Thumb Code   118  control.o(.text)
    Control_GetPidValues                     0x08004461   Thumb Code    56  control.o(.text)
    Encoder_TIM2_Init                        0x080044e9   Thumb Code   146  encoder.o(.text)
    Encoder_TIM4_Init                        0x0800457b   Thumb Code   148  encoder.o(.text)
    Read_Speed                               0x0800460f   Thumb Code    64  encoder.o(.text)
    TIM2_IRQHandler                          0x0800464f   Thumb Code    22  encoder.o(.text)
    TIM4_IRQHandler                          0x08004665   Thumb Code    22  encoder.o(.text)
    MPU6050_EXTI_Init                        0x08004689   Thumb Code    74  exti.o(.text)
    Motor_Init                               0x080046d9   Thumb Code    40  motor.o(.text)
    Limit                                    0x08004701   Thumb Code    66  motor.o(.text)
    GFP_abs                                  0x08004743   Thumb Code    16  motor.o(.text)
    Load                                     0x08004753   Thumb Code   112  motor.o(.text)
    Stop                                     0x080047c3   Thumb Code    52  motor.o(.text)
    PWM_Init_TIM1                            0x08004819   Thumb Code   162  pwm.o(.text)
    uart3_init                               0x08004a65   Thumb Code   130  usart3.o(.text)
    K230_ColorFrameAvailable                 0x08004ae7   Thumb Code     6  usart3.o(.text)
    K230_GetColorFrame                       0x08004aed   Thumb Code    12  usart3.o(.text)
    K230_ColorFrameHeartbeat                 0x08004af9   Thumb Code    42  usart3.o(.text)
    K230_FrameHeartbeat                      0x08004b23   Thumb Code    54  usart3.o(.text)
    K230_LineFrameAvailable                  0x08004b59   Thumb Code    24  usart3.o(.text)
    K230_GetLineFrame                        0x08004b71   Thumb Code    14  usart3.o(.text)
    K230_GetLineError                        0x08004b7f   Thumb Code     6  usart3.o(.text)
    USART3_IRQHandler                        0x08004b85   Thumb Code   146  usart3.o(.text)
    USART3_Send_Data                         0x08004c17   Thumb Code    28  usart3.o(.text)
    USART3_Send_String                       0x08004c33   Thumb Code    34  usart3.o(.text)
    Tracking_Usart2_Init                     0x08004d63   Thumb Code   126  tracking.o(.text)
    Tracking_SendControlData                 0x08004de1   Thumb Code    62  tracking.o(.text)
    Tracking_DealUsart                       0x08004e1f   Thumb Code   130  tracking.o(.text)
    Tracking_ProcessRx                       0x08004ea1   Thumb Code    58  tracking.o(.text)
    Tracking_IsActive                        0x08004edb   Thumb Code     6  tracking.o(.text)
    Tracking_SetSpeed                        0x08004ee1   Thumb Code     8  tracking.o(.text)
    Tracking_GetError                        0x0800517b   Thumb Code   122  tracking.o(.text)
    Tracking_TurnPD                          0x080051f5   Thumb Code   180  tracking.o(.text)
    Tracking_SetPidByName                    0x080052a9   Thumb Code    64  tracking.o(.text)
    Tracking_GetPidValues                    0x080052e9   Thumb Code    26  tracking.o(.text)
    USART2_IRQHandler                        0x08005303   Thumb Code    68  tracking.o(.text)
    Reset_Handler                            0x0800538d   Thumb Code     8  startup_stm32f10x_md.o(.text)
    ADC1_2_IRQHandler                        0x080053a7   Thumb Code     0  startup_stm32f10x_md.o(.text)
    CAN1_RX1_IRQHandler                      0x080053a7   Thumb Code     0  startup_stm32f10x_md.o(.text)
    CAN1_SCE_IRQHandler                      0x080053a7   Thumb Code     0  startup_stm32f10x_md.o(.text)
    DMA1_Channel1_IRQHandler                 0x080053a7   Thumb Code     0  startup_stm32f10x_md.o(.text)
    DMA1_Channel2_IRQHandler                 0x080053a7   Thumb Code     0  startup_stm32f10x_md.o(.text)
    DMA1_Channel3_IRQHandler                 0x080053a7   Thumb Code     0  startup_stm32f10x_md.o(.text)
    DMA1_Channel4_IRQHandler                 0x080053a7   Thumb Code     0  startup_stm32f10x_md.o(.text)
    DMA1_Channel5_IRQHandler                 0x080053a7   Thumb Code     0  startup_stm32f10x_md.o(.text)
    DMA1_Channel6_IRQHandler                 0x080053a7   Thumb Code     0  startup_stm32f10x_md.o(.text)
    DMA1_Channel7_IRQHandler                 0x080053a7   Thumb Code     0  startup_stm32f10x_md.o(.text)
    EXTI0_IRQHandler                         0x080053a7   Thumb Code     0  startup_stm32f10x_md.o(.text)
    EXTI15_10_IRQHandler                     0x080053a7   Thumb Code     0  startup_stm32f10x_md.o(.text)
    EXTI1_IRQHandler                         0x080053a7   Thumb Code     0  startup_stm32f10x_md.o(.text)
    EXTI2_IRQHandler                         0x080053a7   Thumb Code     0  startup_stm32f10x_md.o(.text)
    EXTI3_IRQHandler                         0x080053a7   Thumb Code     0  startup_stm32f10x_md.o(.text)
    EXTI4_IRQHandler                         0x080053a7   Thumb Code     0  startup_stm32f10x_md.o(.text)
    FLASH_IRQHandler                         0x080053a7   Thumb Code     0  startup_stm32f10x_md.o(.text)
    I2C1_ER_IRQHandler                       0x080053a7   Thumb Code     0  startup_stm32f10x_md.o(.text)
    I2C1_EV_IRQHandler                       0x080053a7   Thumb Code     0  startup_stm32f10x_md.o(.text)
    I2C2_ER_IRQHandler                       0x080053a7   Thumb Code     0  startup_stm32f10x_md.o(.text)
    I2C2_EV_IRQHandler                       0x080053a7   Thumb Code     0  startup_stm32f10x_md.o(.text)
    PVD_IRQHandler                           0x080053a7   Thumb Code     0  startup_stm32f10x_md.o(.text)
    RCC_IRQHandler                           0x080053a7   Thumb Code     0  startup_stm32f10x_md.o(.text)
    RTCAlarm_IRQHandler                      0x080053a7   Thumb Code     0  startup_stm32f10x_md.o(.text)
    RTC_IRQHandler                           0x080053a7   Thumb Code     0  startup_stm32f10x_md.o(.text)
    SPI1_IRQHandler                          0x080053a7   Thumb Code     0  startup_stm32f10x_md.o(.text)
    SPI2_IRQHandler                          0x080053a7   Thumb Code     0  startup_stm32f10x_md.o(.text)
    TAMPER_IRQHandler                        0x080053a7   Thumb Code     0  startup_stm32f10x_md.o(.text)
    TIM1_BRK_IRQHandler                      0x080053a7   Thumb Code     0  startup_stm32f10x_md.o(.text)
    TIM1_CC_IRQHandler                       0x080053a7   Thumb Code     0  startup_stm32f10x_md.o(.text)
    TIM1_TRG_COM_IRQHandler                  0x080053a7   Thumb Code     0  startup_stm32f10x_md.o(.text)
    TIM1_UP_IRQHandler                       0x080053a7   Thumb Code     0  startup_stm32f10x_md.o(.text)
    TIM3_IRQHandler                          0x080053a7   Thumb Code     0  startup_stm32f10x_md.o(.text)
    USBWakeUp_IRQHandler                     0x080053a7   Thumb Code     0  startup_stm32f10x_md.o(.text)
    USB_HP_CAN1_TX_IRQHandler                0x080053a7   Thumb Code     0  startup_stm32f10x_md.o(.text)
    USB_LP_CAN1_RX0_IRQHandler               0x080053a7   Thumb Code     0  startup_stm32f10x_md.o(.text)
    WWDG_IRQHandler                          0x080053a7   Thumb Code     0  startup_stm32f10x_md.o(.text)
    NVIC_PriorityGroupConfig                 0x080053b1   Thumb Code    10  misc.o(.text)
    NVIC_Init                                0x080053bb   Thumb Code   100  misc.o(.text)
    NVIC_SetVectorTable                      0x0800541f   Thumb Code    14  misc.o(.text)
    NVIC_SystemLPConfig                      0x0800542d   Thumb Code    34  misc.o(.text)
    SysTick_CLKSourceConfig                  0x0800544f   Thumb Code    40  misc.o(.text)
    EXTI_DeInit                              0x0800548d   Thumb Code    28  stm32f10x_exti.o(.text)
    EXTI_Init                                0x080054a9   Thumb Code   142  stm32f10x_exti.o(.text)
    EXTI_StructInit                          0x08005537   Thumb Code    16  stm32f10x_exti.o(.text)
    EXTI_GenerateSWInterrupt                 0x08005547   Thumb Code    16  stm32f10x_exti.o(.text)
    EXTI_GetFlagStatus                       0x08005557   Thumb Code    22  stm32f10x_exti.o(.text)
    EXTI_ClearFlag                           0x0800556d   Thumb Code     8  stm32f10x_exti.o(.text)
    EXTI_GetITStatus                         0x08005575   Thumb Code    34  stm32f10x_exti.o(.text)
    EXTI_ClearITPendingBit                   0x08005597   Thumb Code     8  stm32f10x_exti.o(.text)
    GPIO_DeInit                              0x080055a9   Thumb Code   172  stm32f10x_gpio.o(.text)
    GPIO_AFIODeInit                          0x08005655   Thumb Code    20  stm32f10x_gpio.o(.text)
    GPIO_Init                                0x08005669   Thumb Code   278  stm32f10x_gpio.o(.text)
    GPIO_StructInit                          0x0800577f   Thumb Code    16  stm32f10x_gpio.o(.text)
    GPIO_ReadInputDataBit                    0x0800578f   Thumb Code    18  stm32f10x_gpio.o(.text)
    GPIO_ReadInputData                       0x080057a1   Thumb Code     8  stm32f10x_gpio.o(.text)
    GPIO_ReadOutputDataBit                   0x080057a9   Thumb Code    18  stm32f10x_gpio.o(.text)
    GPIO_ReadOutputData                      0x080057bb   Thumb Code     8  stm32f10x_gpio.o(.text)
    GPIO_SetBits                             0x080057c3   Thumb Code     4  stm32f10x_gpio.o(.text)
    GPIO_ResetBits                           0x080057c7   Thumb Code     4  stm32f10x_gpio.o(.text)
    GPIO_WriteBit                            0x080057cb   Thumb Code    10  stm32f10x_gpio.o(.text)
    GPIO_Write                               0x080057d5   Thumb Code     4  stm32f10x_gpio.o(.text)
    GPIO_PinLockConfig                       0x080057d9   Thumb Code    18  stm32f10x_gpio.o(.text)
    GPIO_EventOutputConfig                   0x080057eb   Thumb Code    26  stm32f10x_gpio.o(.text)
    GPIO_EventOutputCmd                      0x08005805   Thumb Code     6  stm32f10x_gpio.o(.text)
    GPIO_PinRemapConfig                      0x0800580b   Thumb Code   138  stm32f10x_gpio.o(.text)
    GPIO_EXTILineConfig                      0x08005895   Thumb Code    66  stm32f10x_gpio.o(.text)
    GPIO_ETH_MediaInterfaceConfig            0x080058d7   Thumb Code     8  stm32f10x_gpio.o(.text)
    RCC_DeInit                               0x08005905   Thumb Code    64  stm32f10x_rcc.o(.text)
    RCC_HSEConfig                            0x08005945   Thumb Code    70  stm32f10x_rcc.o(.text)
    RCC_GetFlagStatus                        0x0800598b   Thumb Code    56  stm32f10x_rcc.o(.text)
    RCC_WaitForHSEStartUp                    0x080059c3   Thumb Code    56  stm32f10x_rcc.o(.text)
    RCC_AdjustHSICalibrationValue            0x080059fb   Thumb Code    20  stm32f10x_rcc.o(.text)
    RCC_HSICmd                               0x08005a0f   Thumb Code     6  stm32f10x_rcc.o(.text)
    RCC_PLLConfig                            0x08005a15   Thumb Code    24  stm32f10x_rcc.o(.text)
    RCC_PLLCmd                               0x08005a2d   Thumb Code     6  stm32f10x_rcc.o(.text)
    RCC_SYSCLKConfig                         0x08005a33   Thumb Code    18  stm32f10x_rcc.o(.text)
    RCC_GetSYSCLKSource                      0x08005a45   Thumb Code    10  stm32f10x_rcc.o(.text)
    RCC_HCLKConfig                           0x08005a4f   Thumb Code    18  stm32f10x_rcc.o(.text)
    RCC_PCLK1Config                          0x08005a61   Thumb Code    18  stm32f10x_rcc.o(.text)
    RCC_PCLK2Config                          0x08005a73   Thumb Code    20  stm32f10x_rcc.o(.text)
    RCC_ITConfig                             0x08005a87   Thumb Code    26  stm32f10x_rcc.o(.text)
    RCC_USBCLKConfig                         0x08005aa1   Thumb Code     8  stm32f10x_rcc.o(.text)
    RCC_ADCCLKConfig                         0x08005aa9   Thumb Code    18  stm32f10x_rcc.o(.text)
    RCC_LSEConfig                            0x08005abb   Thumb Code    50  stm32f10x_rcc.o(.text)
    RCC_LSICmd                               0x08005aed   Thumb Code     6  stm32f10x_rcc.o(.text)
    RCC_RTCCLKConfig                         0x08005af3   Thumb Code    12  stm32f10x_rcc.o(.text)
    RCC_RTCCLKCmd                            0x08005aff   Thumb Code     8  stm32f10x_rcc.o(.text)
    RCC_GetClocksFreq                        0x08005b07   Thumb Code   192  stm32f10x_rcc.o(.text)
    RCC_AHBPeriphClockCmd                    0x08005bc7   Thumb Code    26  stm32f10x_rcc.o(.text)
    RCC_APB2PeriphClockCmd                   0x08005be1   Thumb Code    26  stm32f10x_rcc.o(.text)
    RCC_APB1PeriphClockCmd                   0x08005bfb   Thumb Code    26  stm32f10x_rcc.o(.text)
    RCC_APB2PeriphResetCmd                   0x08005c15   Thumb Code    26  stm32f10x_rcc.o(.text)
    RCC_APB1PeriphResetCmd                   0x08005c2f   Thumb Code    26  stm32f10x_rcc.o(.text)
    RCC_BackupResetCmd                       0x08005c49   Thumb Code     8  stm32f10x_rcc.o(.text)
    RCC_ClockSecuritySystemCmd               0x08005c51   Thumb Code     6  stm32f10x_rcc.o(.text)
    RCC_MCOConfig                            0x08005c57   Thumb Code     6  stm32f10x_rcc.o(.text)
    RCC_ClearFlag                            0x08005c5d   Thumb Code    14  stm32f10x_rcc.o(.text)
    RCC_GetITStatus                          0x08005c6b   Thumb Code    20  stm32f10x_rcc.o(.text)
    RCC_ClearITPendingBit                    0x08005c7f   Thumb Code     6  stm32f10x_rcc.o(.text)
    TIM_DeInit                               0x08005ca9   Thumb Code   424  stm32f10x_tim.o(.text)
    TIM_TimeBaseInit                         0x08005e51   Thumb Code   122  stm32f10x_tim.o(.text)
    TIM_OC1Init                              0x08005ecb   Thumb Code   132  stm32f10x_tim.o(.text)
    TIM_OC2Init                              0x08005f4f   Thumb Code   154  stm32f10x_tim.o(.text)
    TIM_OC3Init                              0x08005fe9   Thumb Code   150  stm32f10x_tim.o(.text)
    TIM_OC4Init                              0x0800607f   Thumb Code   182  stm32f10x_tim.o(.text)
    TIM_SetIC4Prescaler                      0x08006135   Thumb Code    26  stm32f10x_tim.o(.text)
    TIM_SetIC3Prescaler                      0x080061d1   Thumb Code    18  stm32f10x_tim.o(.text)
    TIM_SetIC2Prescaler                      0x0800625d   Thumb Code    26  stm32f10x_tim.o(.text)
    TIM_SetIC1Prescaler                      0x080062f9   Thumb Code    18  stm32f10x_tim.o(.text)
    TIM_ICInit                               0x08006377   Thumb Code   150  stm32f10x_tim.o(.text)
    TIM_PWMIConfig                           0x0800640d   Thumb Code   124  stm32f10x_tim.o(.text)
    TIM_BDTRConfig                           0x08006489   Thumb Code    32  stm32f10x_tim.o(.text)
    TIM_TimeBaseStructInit                   0x080064a9   Thumb Code    18  stm32f10x_tim.o(.text)
    TIM_OCStructInit                         0x080064bb   Thumb Code    20  stm32f10x_tim.o(.text)
    TIM_ICStructInit                         0x080064cf   Thumb Code    18  stm32f10x_tim.o(.text)
    TIM_BDTRStructInit                       0x080064e1   Thumb Code    40  stm32f10x_tim.o(.text)
    TIM_Cmd                                  0x08006509   Thumb Code    24  stm32f10x_tim.o(.text)
    TIM_CtrlPWMOutputs                       0x08006521   Thumb Code    30  stm32f10x_tim.o(.text)
    TIM_ITConfig                             0x0800653f   Thumb Code    18  stm32f10x_tim.o(.text)
    TIM_GenerateEvent                        0x08006551   Thumb Code     4  stm32f10x_tim.o(.text)
    TIM_DMAConfig                            0x08006555   Thumb Code    10  stm32f10x_tim.o(.text)
    TIM_DMACmd                               0x0800655f   Thumb Code    18  stm32f10x_tim.o(.text)
    TIM_InternalClockConfig                  0x08006571   Thumb Code    12  stm32f10x_tim.o(.text)
    TIM_SelectInputTrigger                   0x0800657d   Thumb Code    18  stm32f10x_tim.o(.text)
    TIM_ITRxExternalClockConfig              0x0800658f   Thumb Code    24  stm32f10x_tim.o(.text)
    TIM_TIxExternalClockConfig               0x080065a7   Thumb Code    62  stm32f10x_tim.o(.text)
    TIM_ETRConfig                            0x080065e5   Thumb Code    28  stm32f10x_tim.o(.text)
    TIM_ETRClockMode1Config                  0x08006601   Thumb Code    54  stm32f10x_tim.o(.text)
    TIM_ETRClockMode2Config                  0x08006637   Thumb Code    32  stm32f10x_tim.o(.text)
    TIM_PrescalerConfig                      0x08006657   Thumb Code     6  stm32f10x_tim.o(.text)
    TIM_CounterModeConfig                    0x0800665d   Thumb Code    18  stm32f10x_tim.o(.text)
    TIM_EncoderInterfaceConfig               0x0800666f   Thumb Code    66  stm32f10x_tim.o(.text)
    TIM_ForcedOC1Config                      0x080066b1   Thumb Code    18  stm32f10x_tim.o(.text)
    TIM_ForcedOC2Config                      0x080066c3   Thumb Code    26  stm32f10x_tim.o(.text)
    TIM_ForcedOC3Config                      0x080066dd   Thumb Code    18  stm32f10x_tim.o(.text)
    TIM_ForcedOC4Config                      0x080066ef   Thumb Code    26  stm32f10x_tim.o(.text)
    TIM_ARRPreloadConfig                     0x08006709   Thumb Code    24  stm32f10x_tim.o(.text)
    TIM_SelectCOM                            0x08006721   Thumb Code    24  stm32f10x_tim.o(.text)
    TIM_SelectCCDMA                          0x08006739   Thumb Code    24  stm32f10x_tim.o(.text)
    TIM_CCPreloadControl                     0x08006751   Thumb Code    24  stm32f10x_tim.o(.text)
    TIM_OC1PreloadConfig                     0x08006769   Thumb Code    18  stm32f10x_tim.o(.text)
    TIM_OC2PreloadConfig                     0x0800677b   Thumb Code    26  stm32f10x_tim.o(.text)
    TIM_OC3PreloadConfig                     0x08006795   Thumb Code    18  stm32f10x_tim.o(.text)
    TIM_OC4PreloadConfig                     0x080067a7   Thumb Code    26  stm32f10x_tim.o(.text)
    TIM_OC1FastConfig                        0x080067c1   Thumb Code    18  stm32f10x_tim.o(.text)
    TIM_OC2FastConfig                        0x080067d3   Thumb Code    26  stm32f10x_tim.o(.text)
    TIM_OC3FastConfig                        0x080067ed   Thumb Code    18  stm32f10x_tim.o(.text)
    TIM_OC4FastConfig                        0x080067ff   Thumb Code    26  stm32f10x_tim.o(.text)
    TIM_ClearOC1Ref                          0x08006819   Thumb Code    18  stm32f10x_tim.o(.text)
    TIM_ClearOC2Ref                          0x0800682b   Thumb Code    24  stm32f10x_tim.o(.text)
    TIM_ClearOC3Ref                          0x08006843   Thumb Code    18  stm32f10x_tim.o(.text)
    TIM_ClearOC4Ref                          0x08006855   Thumb Code    24  stm32f10x_tim.o(.text)
    TIM_OC1PolarityConfig                    0x0800686d   Thumb Code    18  stm32f10x_tim.o(.text)
    TIM_OC1NPolarityConfig                   0x0800687f   Thumb Code    18  stm32f10x_tim.o(.text)
    TIM_OC2PolarityConfig                    0x08006891   Thumb Code    26  stm32f10x_tim.o(.text)
    TIM_OC2NPolarityConfig                   0x080068ab   Thumb Code    26  stm32f10x_tim.o(.text)
    TIM_OC3PolarityConfig                    0x080068c5   Thumb Code    26  stm32f10x_tim.o(.text)
    TIM_OC3NPolarityConfig                   0x080068df   Thumb Code    26  stm32f10x_tim.o(.text)
    TIM_OC4PolarityConfig                    0x080068f9   Thumb Code    26  stm32f10x_tim.o(.text)
    TIM_CCxCmd                               0x08006913   Thumb Code    30  stm32f10x_tim.o(.text)
    TIM_CCxNCmd                              0x08006931   Thumb Code    30  stm32f10x_tim.o(.text)
    TIM_SelectOCxM                           0x0800694f   Thumb Code    82  stm32f10x_tim.o(.text)
    TIM_UpdateDisableConfig                  0x080069a1   Thumb Code    24  stm32f10x_tim.o(.text)
    TIM_UpdateRequestConfig                  0x080069b9   Thumb Code    24  stm32f10x_tim.o(.text)
    TIM_SelectHallSensor                     0x080069d1   Thumb Code    24  stm32f10x_tim.o(.text)
    TIM_SelectOnePulseMode                   0x080069e9   Thumb Code    18  stm32f10x_tim.o(.text)
    TIM_SelectOutputTrigger                  0x080069fb   Thumb Code    18  stm32f10x_tim.o(.text)
    TIM_SelectSlaveMode                      0x08006a0d   Thumb Code    18  stm32f10x_tim.o(.text)
    TIM_SelectMasterSlaveMode                0x08006a1f   Thumb Code    18  stm32f10x_tim.o(.text)
    TIM_SetCounter                           0x08006a31   Thumb Code     4  stm32f10x_tim.o(.text)
    TIM_SetAutoreload                        0x08006a35   Thumb Code     4  stm32f10x_tim.o(.text)
    TIM_SetCompare1                          0x08006a39   Thumb Code     4  stm32f10x_tim.o(.text)
    TIM_SetCompare2                          0x08006a3d   Thumb Code     4  stm32f10x_tim.o(.text)
    TIM_SetCompare3                          0x08006a41   Thumb Code     4  stm32f10x_tim.o(.text)
    TIM_SetCompare4                          0x08006a45   Thumb Code     6  stm32f10x_tim.o(.text)
    TIM_SetClockDivision                     0x08006a4b   Thumb Code    18  stm32f10x_tim.o(.text)
    TIM_GetCapture1                          0x08006a5d   Thumb Code     6  stm32f10x_tim.o(.text)
    TIM_GetCapture2                          0x08006a63   Thumb Code     6  stm32f10x_tim.o(.text)
    TIM_GetCapture3                          0x08006a69   Thumb Code     6  stm32f10x_tim.o(.text)
    TIM_GetCapture4                          0x08006a6f   Thumb Code     8  stm32f10x_tim.o(.text)
    TIM_GetCounter                           0x08006a77   Thumb Code     6  stm32f10x_tim.o(.text)
    TIM_GetPrescaler                         0x08006a7d   Thumb Code     6  stm32f10x_tim.o(.text)
    TIM_GetFlagStatus                        0x08006a83   Thumb Code    18  stm32f10x_tim.o(.text)
    TIM_ClearFlag                            0x08006a95   Thumb Code     6  stm32f10x_tim.o(.text)
    TIM_GetITStatus                          0x08006a9b   Thumb Code    34  stm32f10x_tim.o(.text)
    TIM_ClearITPendingBit                    0x08006abd   Thumb Code     6  stm32f10x_tim.o(.text)
    USART_DeInit                             0x08006ac5   Thumb Code   134  stm32f10x_usart.o(.text)
    USART_Init                               0x08006b4b   Thumb Code   210  stm32f10x_usart.o(.text)
    USART_StructInit                         0x08006c1d   Thumb Code    24  stm32f10x_usart.o(.text)
    USART_ClockInit                          0x08006c35   Thumb Code    34  stm32f10x_usart.o(.text)
    USART_ClockStructInit                    0x08006c57   Thumb Code    12  stm32f10x_usart.o(.text)
    USART_Cmd                                0x08006c63   Thumb Code    24  stm32f10x_usart.o(.text)
    USART_ITConfig                           0x08006c7b   Thumb Code    74  stm32f10x_usart.o(.text)
    USART_DMACmd                             0x08006cc5   Thumb Code    18  stm32f10x_usart.o(.text)
    USART_SetAddress                         0x08006cd7   Thumb Code    18  stm32f10x_usart.o(.text)
    USART_WakeUpConfig                       0x08006ce9   Thumb Code    18  stm32f10x_usart.o(.text)
    USART_ReceiverWakeUpCmd                  0x08006cfb   Thumb Code    24  stm32f10x_usart.o(.text)
    USART_LINBreakDetectLengthConfig         0x08006d13   Thumb Code    18  stm32f10x_usart.o(.text)
    USART_LINCmd                             0x08006d25   Thumb Code    24  stm32f10x_usart.o(.text)
    USART_SendData                           0x08006d3d   Thumb Code     8  stm32f10x_usart.o(.text)
    USART_ReceiveData                        0x08006d45   Thumb Code    10  stm32f10x_usart.o(.text)
    USART_SendBreak                          0x08006d4f   Thumb Code    10  stm32f10x_usart.o(.text)
    USART_SetGuardTime                       0x08006d59   Thumb Code    16  stm32f10x_usart.o(.text)
    USART_SetPrescaler                       0x08006d69   Thumb Code    16  stm32f10x_usart.o(.text)
    USART_SmartCardCmd                       0x08006d79   Thumb Code    24  stm32f10x_usart.o(.text)
    USART_SmartCardNACKCmd                   0x08006d91   Thumb Code    24  stm32f10x_usart.o(.text)
    USART_HalfDuplexCmd                      0x08006da9   Thumb Code    24  stm32f10x_usart.o(.text)
    USART_OverSampling8Cmd                   0x08006dc1   Thumb Code    22  stm32f10x_usart.o(.text)
    USART_OneBitMethodCmd                    0x08006dd7   Thumb Code    24  stm32f10x_usart.o(.text)
    USART_IrDAConfig                         0x08006def   Thumb Code    18  stm32f10x_usart.o(.text)
    USART_IrDACmd                            0x08006e01   Thumb Code    24  stm32f10x_usart.o(.text)
    USART_GetFlagStatus                      0x08006e19   Thumb Code    26  stm32f10x_usart.o(.text)
    USART_ClearFlag                          0x08006e33   Thumb Code    18  stm32f10x_usart.o(.text)
    USART_GetITStatus                        0x08006e45   Thumb Code    84  stm32f10x_usart.o(.text)
    USART_ClearITPendingBit                  0x08006e99   Thumb Code    52  stm32f10x_usart.o(.text)
    __aeabi_ldivmod                          0x08006ecd   Thumb Code    98  ldiv.o(.text)
    __aeabi_memcpy                           0x08006f2f   Thumb Code    36  memcpya.o(.text)
    __aeabi_memcpy4                          0x08006f2f   Thumb Code     0  memcpya.o(.text)
    __aeabi_memcpy8                          0x08006f2f   Thumb Code     0  memcpya.o(.text)
    __aeabi_memset                           0x08006f53   Thumb Code    14  memseta.o(.text)
    __aeabi_memset4                          0x08006f53   Thumb Code     0  memseta.o(.text)
    __aeabi_memset8                          0x08006f53   Thumb Code     0  memseta.o(.text)
    __aeabi_memclr                           0x08006f61   Thumb Code     4  memseta.o(.text)
    __aeabi_memclr4                          0x08006f61   Thumb Code     0  memseta.o(.text)
    __aeabi_memclr8                          0x08006f61   Thumb Code     0  memseta.o(.text)
    _memset$wrapper                          0x08006f65   Thumb Code    18  memseta.o(.text)
    strlen                                   0x08006f77   Thumb Code    14  strlen.o(.text)
    strcmp                                   0x08006f85   Thumb Code    28  strcmp.o(.text)
    memcmp                                   0x08006fa1   Thumb Code    26  memcmp.o(.text)
    __0sscanf                                0x08006fbd   Thumb Code    48  __0sscanf.o(.text)
    _scanf_string                            0x08006ff5   Thumb Code   224  _scanf_str.o(.text)
    _scanf_real                              0x080071fd   Thumb Code     0  scanf_fp.o(.text)
    _scanf_really_real                       0x080071fd   Thumb Code   556  scanf_fp.o(.text)
    atoi                                     0x08007435   Thumb Code    26  atoi.o(.text)
    __aeabi_fadd                             0x0800744f   Thumb Code   164  fadd.o(.text)
    __aeabi_fsub                             0x080074f3   Thumb Code     6  fadd.o(.text)
    __aeabi_frsub                            0x080074f9   Thumb Code     6  fadd.o(.text)
    __aeabi_fmul                             0x080074ff   Thumb Code   100  fmul.o(.text)
    __aeabi_fdiv                             0x08007563   Thumb Code   124  fdiv.o(.text)
    __aeabi_dadd                             0x080075df   Thumb Code   322  dadd.o(.text)
    __aeabi_dsub                             0x08007721   Thumb Code     6  dadd.o(.text)
    __aeabi_drsub                            0x08007727   Thumb Code     6  dadd.o(.text)
    __aeabi_dmul                             0x0800772d   Thumb Code   228  dmul.o(.text)
    __aeabi_ddiv                             0x08007811   Thumb Code   222  ddiv.o(.text)
    __aeabi_i2f                              0x080078ef   Thumb Code    18  fflti.o(.text)
    __aeabi_ui2f                             0x08007901   Thumb Code    10  ffltui.o(.text)
    __aeabi_i2d                              0x0800790b   Thumb Code    34  dflti.o(.text)
    __aeabi_f2iz                             0x0800792d   Thumb Code    50  ffixi.o(.text)
    __aeabi_f2uiz                            0x0800795f   Thumb Code    40  ffixui.o(.text)
    __aeabi_f2d                              0x08007987   Thumb Code    38  f2d.o(.text)
    __aeabi_d2f                              0x080079ad   Thumb Code    56  d2f.o(.text)
    __aeabi_cfcmpeq                          0x080079e5   Thumb Code     0  cfcmple.o(.text)
    __aeabi_cfcmple                          0x080079e5   Thumb Code    20  cfcmple.o(.text)
    __aeabi_cfrcmple                         0x080079f9   Thumb Code    20  cfrcmple.o(.text)
    __aeabi_uidiv                            0x08007a0d   Thumb Code     0  uidiv.o(.text)
    __aeabi_uidivmod                         0x08007a0d   Thumb Code    44  uidiv.o(.text)
    __aeabi_uldivmod                         0x08007a39   Thumb Code    98  uldiv.o(.text)
    __aeabi_llsl                             0x08007a9b   Thumb Code    30  llshl.o(.text)
    _ll_shift_l                              0x08007a9b   Thumb Code     0  llshl.o(.text)
    __aeabi_llsr                             0x08007ab9   Thumb Code    32  llushr.o(.text)
    _ll_ushift_r                             0x08007ab9   Thumb Code     0  llushr.o(.text)
    __aeabi_lasr                             0x08007ad9   Thumb Code    36  llsshr.o(.text)
    _ll_sshift_r                             0x08007ad9   Thumb Code     0  llsshr.o(.text)
    __vfscanf_char                           0x08007b09   Thumb Code    20  scanf_char.o(.text)
    _sgetc                                   0x08007b25   Thumb Code    30  _sgetc.o(.text)
    _sbackspace                              0x08007b43   Thumb Code    34  _sgetc.o(.text)
    strtol                                   0x08007b65   Thumb Code   112  strtol.o(.text)
    __I$use$fp                               0x08007bd5   Thumb Code     0  iusefp.o(.text)
    _float_round                             0x08007bd5   Thumb Code    18  fepilogue.o(.text)
    _float_epilogue                          0x08007be7   Thumb Code    92  fepilogue.o(.text)
    _double_round                            0x08007c43   Thumb Code    30  depilogue.o(.text)
    _double_epilogue                         0x08007c61   Thumb Code   156  depilogue.o(.text)
    __ARM_scalbn                             0x08007cfd   Thumb Code    46  dscalb.o(.text)
    scalbn                                   0x08007cfd   Thumb Code     0  dscalb.o(.text)
    __aeabi_ul2d                             0x08007d2b   Thumb Code    24  dfltul.o(.text)
    __aeabi_d2ulz                            0x08007d43   Thumb Code    48  dfixul.o(.text)
    __aeabi_cdrcmple                         0x08007d75   Thumb Code    48  cdrcmple.o(.text)
    __scatterload                            0x08007da5   Thumb Code    28  init.o(.text)
    __scatterload_rt2                        0x08007da5   Thumb Code     0  init.o(.text)
    __rt_ctype_table                         0x08007dc9   Thumb Code     4  ctype_o.o(.text)
    isspace                                  0x08007dd1   Thumb Code    18  isspace_o.o(.text)
    __vfscanf                                0x08007de5   Thumb Code   808  _scanf.o(.text)
    _strtoul                                 0x08008111   Thumb Code   158  _strtoul.o(.text)
    _dsqrt                                   0x080081af   Thumb Code   162  dsqrt.o(.text)
    _chval                                   0x08008251   Thumb Code    28  _chval.o(.text)
    __decompress                             0x0800826d   Thumb Code     0  __dczerorl2.o(.text)
    __decompress1                            0x0800826d   Thumb Code    86  __dczerorl2.o(.text)
    __0printf                                0x080082c5   Thumb Code    22  printfa.o(i.__0printf)
    __1printf                                0x080082c5   Thumb Code     0  printfa.o(i.__0printf)
    __2printf                                0x080082c5   Thumb Code     0  printfa.o(i.__0printf)
    __c89printf                              0x080082c5   Thumb Code     0  printfa.o(i.__0printf)
    printf                                   0x080082c5   Thumb Code     0  printfa.o(i.__0printf)
    __ARM_fpclassify                         0x080082e5   Thumb Code    40  fpclassify.o(i.__ARM_fpclassify)
    __aeabi_errno_addr                       0x0800830d   Thumb Code     4  errno.o(i.__aeabi_errno_addr)
    __rt_errno_addr                          0x0800830d   Thumb Code     0  errno.o(i.__aeabi_errno_addr)
    __kernel_poly                            0x08008315   Thumb Code   170  poly.o(i.__kernel_poly)
    __mathlib_dbl_infnan                     0x080083bf   Thumb Code     6  dunder.o(i.__mathlib_dbl_infnan)
    __mathlib_dbl_infnan2                    0x080083c5   Thumb Code     4  dunder.o(i.__mathlib_dbl_infnan2)
    __mathlib_dbl_invalid                    0x080083c9   Thumb Code    12  dunder.o(i.__mathlib_dbl_invalid)
    __mathlib_dbl_underflow                  0x080083d5   Thumb Code    10  dunder.o(i.__mathlib_dbl_underflow)
    __scatterload_copy                       0x080083e5   Thumb Code    14  handlers.o(i.__scatterload_copy)
    __scatterload_null                       0x080083f3   Thumb Code     2  handlers.o(i.__scatterload_null)
    __scatterload_zeroinit                   0x080083f5   Thumb Code    14  handlers.o(i.__scatterload_zeroinit)
    __set_errno                              0x08008405   Thumb Code     6  errno.o(i.__set_errno)
    _is_digit                                0x08008595   Thumb Code    14  scanf_fp.o(i._is_digit)
    asin                                     0x08008cd5   Thumb Code   572  asin.o(i.asin)
    atan                                     0x08008f45   Thumb Code   474  atan.o(i.atan)
    atan2                                    0x08009165   Thumb Code   346  atan2.o(i.atan2)
    sqrt                                     0x080092e5   Thumb Code    76  sqrt.o(i.sqrt)
    reg                                      0x08009330   Data          27  inv_mpu.o(.constdata)
    hw                                       0x0800934c   Data          12  inv_mpu.o(.constdata)
    test                                     0x08009358   Data          40  inv_mpu.o(.constdata)
    __mathlib_zero                           0x0800a080   Data           8  qnan.o(.constdata)
    __ctype_table                            0x0800a088   Data         129  ctype_o.o(.constdata)
    Region$$Table$$Base                      0x0800a258   Number         0  anon$$obj.o(Region$$Table)
    Region$$Table$$Limit                     0x0800a278   Number         0  anon$$obj.o(Region$$Table)
    Pitch                                    0x20000000   Data           4  main.o(.data)
    Roll                                     0x20000004   Data           4  main.o(.data)
    Yaw                                      0x20000008   Data           4  main.o(.data)
    gyrox                                    0x2000000c   Data           2  main.o(.data)
    gyroy                                    0x2000000e   Data           2  main.o(.data)
    gyroz                                    0x20000010   Data           2  main.o(.data)
    aacx                                     0x20000012   Data           2  main.o(.data)
    aacy                                     0x20000014   Data           2  main.o(.data)
    aacz                                     0x20000016   Data           2  main.o(.data)
    Encoder_Left                             0x20000018   Data           4  main.o(.data)
    Encoder_Right                            0x2000001c   Data           4  main.o(.data)
    PWM_MAX                                  0x20000020   Data           4  main.o(.data)
    PWM_MIN                                  0x20000024   Data           4  main.o(.data)
    MOTO1                                    0x20000028   Data           4  main.o(.data)
    MOTO2                                    0x2000002c   Data           4  main.o(.data)
    SystemCoreClock                          0x20000030   Data           4  system_stm32f10x.o(.data)
    AHBPrescTable                            0x20000034   Data          16  system_stm32f10x.o(.data)
    __stdout                                 0x20000048   Data           4  usart.o(.data)
    USART_RX_STA                             0x2000004c   Data           1  usart.o(.data)
    Med_Angle                                0x20000088   Data           4  control.o(.data)
    Target_Speed                             0x2000008c   Data           4  control.o(.data)
    Turn_Speed                               0x20000090   Data           4  control.o(.data)
    Vertical_Kp                              0x20000094   Data           4  control.o(.data)
    Vertical_Kd                              0x20000098   Data           4  control.o(.data)
    Velocity_Kp                              0x2000009c   Data           4  control.o(.data)
    Velocity_Ki                              0x200000a0   Data           4  control.o(.data)
    Turn_Kd                                  0x200000a4   Data           4  control.o(.data)
    Turn_Kp                                  0x200000a8   Data           4  control.o(.data)
    Vertical_out                             0x200000ac   Data           4  control.o(.data)
    Velocity_out                             0x200000b0   Data           4  control.o(.data)
    Turn_out                                 0x200000b4   Data           4  control.o(.data)
    PWM_Zero                                 0x200000cc   Data           1  motor.o(.data)
    stop                                     0x200000cd   Data           1  motor.o(.data)
    Fore                                     0x200000d0   Data           1  usart3.o(.data)
    Back                                     0x200000d1   Data           1  usart3.o(.data)
    Left                                     0x200000d2   Data           1  usart3.o(.data)
    Right                                    0x200000d3   Data           1  usart3.o(.data)
    Tracking_Turn_Kp                         0x200000ec   Data           4  tracking.o(.data)
    Tracking_Turn_Ki                         0x200000f0   Data           4  tracking.o(.data)
    Tracking_Turn_Kd                         0x200000f4   Data           4  tracking.o(.data)
    Tracking_IR_Data                         0x200000f8   Data           8  tracking.o(.data)
    Tracking_New_Package_Flag                0x20000100   Data           1  tracking.o(.data)
    USART_RX_BUF                             0x2000012c   Data          64  usart.o(.bss)
    __initial_sp                             0x200006e8   Data           0  startup_stm32f10x_md.o(STACK)



==============================================================================

Memory Map of the image

  Image Entry point : 0x080000ed

  Load Region LR_IROM1 (Base: 0x08000000, Size: 0x0000a3a4, Max: 0x00010000, ABSOLUTE, COMPRESSED[0x0000a2d0])

    Execution Region ER_IROM1 (Exec base: 0x08000000, Load base: 0x08000000, Size: 0x0000a278, Max: 0x00010000, ABSOLUTE)

    Exec Addr    Load Addr    Size         Type   Attr      Idx    E Section Name        Object

    0x08000000   0x08000000   0x000000ec   Data   RO          807    RESET               startup_stm32f10x_md.o
    0x080000ec   0x080000ec   0x00000000   Code   RO         1410  * .ARM.Collect$$$$00000000  mc_w.l(entry.o)
    0x080000ec   0x080000ec   0x00000004   Code   RO         1773    .ARM.Collect$$$$00000001  mc_w.l(entry2.o)
    0x080000f0   0x080000f0   0x00000004   Code   RO         1776    .ARM.Collect$$$$00000004  mc_w.l(entry5.o)
    0x080000f4   0x080000f4   0x00000000   Code   RO         1778    .ARM.Collect$$$$00000008  mc_w.l(entry7b.o)
    0x080000f4   0x080000f4   0x00000000   Code   RO         1780    .ARM.Collect$$$$0000000A  mc_w.l(entry8b.o)
    0x080000f4   0x080000f4   0x00000008   Code   RO         1781    .ARM.Collect$$$$0000000B  mc_w.l(entry9a.o)
    0x080000fc   0x080000fc   0x00000000   Code   RO         1783    .ARM.Collect$$$$0000000D  mc_w.l(entry10a.o)
    0x080000fc   0x080000fc   0x00000000   Code   RO         1785    .ARM.Collect$$$$0000000F  mc_w.l(entry11a.o)
    0x080000fc   0x080000fc   0x00000004   Code   RO         1774    .ARM.Collect$$$$00002712  mc_w.l(entry2.o)
    0x08000100   0x08000100   0x000000ec   Code   RO            4    .text               main.o
    0x080001ec   0x080001ec   0x0000001a   Code   RO          192    .text               stm32f10x_it.o
    0x08000206   0x08000206   0x00000002   PAD
    0x08000208   0x08000208   0x000001e0   Code   RO          302    .text               system_stm32f10x.o
    0x080003e8   0x080003e8   0x000000d4   Code   RO          332    .text               delay.o
    0x080004bc   0x080004bc   0x0000007e   Code   RO          395    .text               sys.o
    0x0800053a   0x0800053a   0x00000002   PAD
    0x0800053c   0x0800053c   0x00000374   Code   RO          419    .text               usart.o
    0x080008b0   0x080008b0   0x00000244   Code   RO          452    .text               mpuiic.o
    0x08000af4   0x08000af4   0x00000368   Code   RO          476    .text               mpu6050.o
    0x08000e5c   0x08000e5c   0x00002288   Code   RO          500    .text               inv_mpu.o
    0x080030e4   0x080030e4   0x00000d70   Code   RO          536    .text               inv_mpu_dmp_motion_driver.o
    0x08003e54   0x08003e54   0x00000694   Code   RO          600    .text               control.o
    0x080044e8   0x080044e8   0x000001a0   Code   RO          627    .text               encoder.o
    0x08004688   0x08004688   0x00000050   Code   RO          651    .text               exti.o
    0x080046d8   0x080046d8   0x00000140   Code   RO          675    .text               motor.o
    0x08004818   0x08004818   0x000000ac   Code   RO          706    .text               pwm.o
    0x080048c4   0x080048c4   0x00000400   Code   RO          730    .text               usart3.o
    0x08004cc4   0x08004cc4   0x000006c8   Code   RO          762    .text               tracking.o
    0x0800538c   0x0800538c   0x00000024   Code   RO          808    .text               startup_stm32f10x_md.o
    0x080053b0   0x080053b0   0x000000dc   Code   RO          815    .text               misc.o
    0x0800548c   0x0800548c   0x0000011c   Code   RO         1057    .text               stm32f10x_exti.o
    0x080055a8   0x080055a8   0x0000035c   Code   RO         1129    .text               stm32f10x_gpio.o
    0x08005904   0x08005904   0x000003a4   Code   RO         1225    .text               stm32f10x_rcc.o
    0x08005ca8   0x08005ca8   0x00000e1a   Code   RO         1323    .text               stm32f10x_tim.o
    0x08006ac2   0x08006ac2   0x00000002   PAD
    0x08006ac4   0x08006ac4   0x00000408   Code   RO         1347    .text               stm32f10x_usart.o
    0x08006ecc   0x08006ecc   0x00000062   Code   RO         1413    .text               mc_w.l(ldiv.o)
    0x08006f2e   0x08006f2e   0x00000024   Code   RO         1415    .text               mc_w.l(memcpya.o)
    0x08006f52   0x08006f52   0x00000024   Code   RO         1417    .text               mc_w.l(memseta.o)
    0x08006f76   0x08006f76   0x0000000e   Code   RO         1419    .text               mc_w.l(strlen.o)
    0x08006f84   0x08006f84   0x0000001c   Code   RO         1421    .text               mc_w.l(strcmp.o)
    0x08006fa0   0x08006fa0   0x0000001a   Code   RO         1423    .text               mc_w.l(memcmp.o)
    0x08006fba   0x08006fba   0x00000002   PAD
    0x08006fbc   0x08006fbc   0x00000038   Code   RO         1688    .text               mc_w.l(__0sscanf.o)
    0x08006ff4   0x08006ff4   0x000000e0   Code   RO         1690    .text               mc_w.l(_scanf_str.o)
    0x080070d4   0x080070d4   0x00000360   Code   RO         1692    .text               mc_w.l(scanf_fp.o)
    0x08007434   0x08007434   0x0000001a   Code   RO         1696    .text               mc_w.l(atoi.o)
    0x0800744e   0x0800744e   0x000000b0   Code   RO         1698    .text               mf_w.l(fadd.o)
    0x080074fe   0x080074fe   0x00000064   Code   RO         1700    .text               mf_w.l(fmul.o)
    0x08007562   0x08007562   0x0000007c   Code   RO         1702    .text               mf_w.l(fdiv.o)
    0x080075de   0x080075de   0x0000014e   Code   RO         1704    .text               mf_w.l(dadd.o)
    0x0800772c   0x0800772c   0x000000e4   Code   RO         1706    .text               mf_w.l(dmul.o)
    0x08007810   0x08007810   0x000000de   Code   RO         1708    .text               mf_w.l(ddiv.o)
    0x080078ee   0x080078ee   0x00000012   Code   RO         1710    .text               mf_w.l(fflti.o)
    0x08007900   0x08007900   0x0000000a   Code   RO         1712    .text               mf_w.l(ffltui.o)
    0x0800790a   0x0800790a   0x00000022   Code   RO         1714    .text               mf_w.l(dflti.o)
    0x0800792c   0x0800792c   0x00000032   Code   RO         1718    .text               mf_w.l(ffixi.o)
    0x0800795e   0x0800795e   0x00000028   Code   RO         1720    .text               mf_w.l(ffixui.o)
    0x08007986   0x08007986   0x00000026   Code   RO         1726    .text               mf_w.l(f2d.o)
    0x080079ac   0x080079ac   0x00000038   Code   RO         1730    .text               mf_w.l(d2f.o)
    0x080079e4   0x080079e4   0x00000014   Code   RO         1732    .text               mf_w.l(cfcmple.o)
    0x080079f8   0x080079f8   0x00000014   Code   RO         1734    .text               mf_w.l(cfrcmple.o)
    0x08007a0c   0x08007a0c   0x0000002c   Code   RO         1787    .text               mc_w.l(uidiv.o)
    0x08007a38   0x08007a38   0x00000062   Code   RO         1789    .text               mc_w.l(uldiv.o)
    0x08007a9a   0x08007a9a   0x0000001e   Code   RO         1791    .text               mc_w.l(llshl.o)
    0x08007ab8   0x08007ab8   0x00000020   Code   RO         1793    .text               mc_w.l(llushr.o)
    0x08007ad8   0x08007ad8   0x00000024   Code   RO         1795    .text               mc_w.l(llsshr.o)
    0x08007afc   0x08007afc   0x00000028   Code   RO         1804    .text               mc_w.l(scanf_char.o)
    0x08007b24   0x08007b24   0x00000040   Code   RO         1806    .text               mc_w.l(_sgetc.o)
    0x08007b64   0x08007b64   0x00000070   Code   RO         1808    .text               mc_w.l(strtol.o)
    0x08007bd4   0x08007bd4   0x00000000   Code   RO         1810    .text               mc_w.l(iusefp.o)
    0x08007bd4   0x08007bd4   0x0000006e   Code   RO         1811    .text               mf_w.l(fepilogue.o)
    0x08007c42   0x08007c42   0x000000ba   Code   RO         1813    .text               mf_w.l(depilogue.o)
    0x08007cfc   0x08007cfc   0x0000002e   Code   RO         1815    .text               mf_w.l(dscalb.o)
    0x08007d2a   0x08007d2a   0x00000018   Code   RO         1817    .text               mf_w.l(dfltul.o)
    0x08007d42   0x08007d42   0x00000030   Code   RO         1819    .text               mf_w.l(dfixul.o)
    0x08007d72   0x08007d72   0x00000002   PAD
    0x08007d74   0x08007d74   0x00000030   Code   RO         1821    .text               mf_w.l(cdrcmple.o)
    0x08007da4   0x08007da4   0x00000024   Code   RO         1823    .text               mc_w.l(init.o)
    0x08007dc8   0x08007dc8   0x00000008   Code   RO         1827    .text               mc_w.l(ctype_o.o)
    0x08007dd0   0x08007dd0   0x00000012   Code   RO         1849    .text               mc_w.l(isspace_o.o)
    0x08007de2   0x08007de2   0x00000002   PAD
    0x08007de4   0x08007de4   0x0000032c   Code   RO         1855    .text               mc_w.l(_scanf.o)
    0x08008110   0x08008110   0x0000009e   Code   RO         1857    .text               mc_w.l(_strtoul.o)
    0x080081ae   0x080081ae   0x000000a2   Code   RO         1859    .text               mf_w.l(dsqrt.o)
    0x08008250   0x08008250   0x0000001c   Code   RO         1864    .text               mc_w.l(_chval.o)
    0x0800826c   0x0800826c   0x00000056   Code   RO         1874    .text               mc_w.l(__dczerorl2.o)
    0x080082c2   0x080082c2   0x00000002   PAD
    0x080082c4   0x080082c4   0x00000020   Code   RO         1660    i.__0printf         mc_w.l(printfa.o)
    0x080082e4   0x080082e4   0x00000028   Code   RO         1760    i.__ARM_fpclassify  m_ws.l(fpclassify.o)
    0x0800830c   0x0800830c   0x00000008   Code   RO         1797    i.__aeabi_errno_addr  mc_w.l(errno.o)
    0x08008314   0x08008314   0x000000aa   Code   RO         1762    i.__kernel_poly     m_ws.l(poly.o)
    0x080083be   0x080083be   0x00000006   Code   RO         1747    i.__mathlib_dbl_infnan  m_ws.l(dunder.o)
    0x080083c4   0x080083c4   0x00000004   Code   RO         1748    i.__mathlib_dbl_infnan2  m_ws.l(dunder.o)
    0x080083c8   0x080083c8   0x0000000c   Code   RO         1749    i.__mathlib_dbl_invalid  m_ws.l(dunder.o)
    0x080083d4   0x080083d4   0x00000010   Code   RO         1752    i.__mathlib_dbl_underflow  m_ws.l(dunder.o)
    0x080083e4   0x080083e4   0x0000000e   Code   RO         1868    i.__scatterload_copy  mc_w.l(handlers.o)
    0x080083f2   0x080083f2   0x00000002   Code   RO         1869    i.__scatterload_null  mc_w.l(handlers.o)
    0x080083f4   0x080083f4   0x0000000e   Code   RO         1870    i.__scatterload_zeroinit  mc_w.l(handlers.o)
    0x08008402   0x08008402   0x00000002   PAD
    0x08008404   0x08008404   0x0000000c   Code   RO         1799    i.__set_errno       mc_w.l(errno.o)
    0x08008410   0x08008410   0x00000184   Code   RO         1667    i._fp_digits        mc_w.l(printfa.o)
    0x08008594   0x08008594   0x0000000e   Code   RO         1694    i._is_digit         mc_w.l(scanf_fp.o)
    0x080085a2   0x080085a2   0x00000002   PAD
    0x080085a4   0x080085a4   0x000006dc   Code   RO         1668    i._printf_core      mc_w.l(printfa.o)
    0x08008c80   0x08008c80   0x00000024   Code   RO         1669    i._printf_post_padding  mc_w.l(printfa.o)
    0x08008ca4   0x08008ca4   0x0000002e   Code   RO         1670    i._printf_pre_padding  mc_w.l(printfa.o)
    0x08008cd2   0x08008cd2   0x00000002   PAD
    0x08008cd4   0x08008cd4   0x00000270   Code   RO         1393    i.asin              m_ws.l(asin.o)
    0x08008f44   0x08008f44   0x00000220   Code   RO         1737    i.atan              m_ws.l(atan.o)
    0x08009164   0x08009164   0x00000180   Code   RO         1403    i.atan2             m_ws.l(atan2.o)
    0x080092e4   0x080092e4   0x0000004c   Code   RO         1766    i.sqrt              m_ws.l(sqrt.o)
    0x08009330   0x08009330   0x00000050   Data   RO          501    .constdata          inv_mpu.o
    0x08009380   0x08009380   0x00000bf6   Data   RO          538    .constdata          inv_mpu_dmp_motion_driver.o
    0x08009f76   0x08009f76   0x00000002   PAD
    0x08009f78   0x08009f78   0x00000020   Data   RO          764    .constdata          tracking.o
    0x08009f98   0x08009f98   0x00000050   Data   RO         1394    .constdata          m_ws.l(asin.o)
    0x08009fe8   0x08009fe8   0x00000098   Data   RO         1738    .constdata          m_ws.l(atan.o)
    0x0800a080   0x0800a080   0x00000008   Data   RO         1764    .constdata          m_ws.l(qnan.o)
    0x0800a088   0x0800a088   0x00000081   Data   RO         1828    .constdata          mc_w.l(ctype_o.o)
    0x0800a109   0x0800a109   0x00000003   PAD
    0x0800a10c   0x0800a10c   0x00000004   Data   RO         1829    .constdata          mc_w.l(ctype_o.o)
    0x0800a110   0x0800a110   0x00000060   Data   RO            5    .conststring        main.o
    0x0800a170   0x0800a170   0x00000097   Data   RO          421    .conststring        usart.o
    0x0800a207   0x0800a207   0x00000001   PAD
    0x0800a208   0x0800a208   0x0000004d   Data   RO          502    .conststring        inv_mpu.o
    0x0800a255   0x0800a255   0x00000003   PAD
    0x0800a258   0x0800a258   0x00000020   Data   RO         1866    Region$$Table       anon$$obj.o


    Execution Region RW_IRAM1 (Exec base: 0x20000000, Load base: 0x0800a278, Size: 0x000006e8, Max: 0x00005000, ABSOLUTE, COMPRESSED[0x00000058])

    Exec Addr    Load Addr    Size         Type   Attr      Idx    E Section Name        Object

    0x20000000   COMPRESSED   0x00000030   Data   RW            6    .data               main.o
    0x20000030   COMPRESSED   0x00000014   Data   RW          303    .data               system_stm32f10x.o
    0x20000044   COMPRESSED   0x00000004   Data   RW          333    .data               delay.o
    0x20000048   COMPRESSED   0x00000005   Data   RW          422    .data               usart.o
    0x2000004d   COMPRESSED   0x00000003   PAD
    0x20000050   COMPRESSED   0x00000035   Data   RW          503    .data               inv_mpu.o
    0x20000085   COMPRESSED   0x00000003   PAD
    0x20000088   COMPRESSED   0x00000044   Data   RW          601    .data               control.o
    0x200000cc   COMPRESSED   0x00000002   Data   RW          676    .data               motor.o
    0x200000ce   COMPRESSED   0x00000002   PAD
    0x200000d0   COMPRESSED   0x0000001c   Data   RW          732    .data               usart3.o
    0x200000ec   COMPRESSED   0x00000028   Data   RW          765    .data               tracking.o
    0x20000114   COMPRESSED   0x00000014   Data   RW         1226    .data               stm32f10x_rcc.o
    0x20000128   COMPRESSED   0x00000004   Data   RW         1800    .data               mc_w.l(errno.o)
    0x2000012c        -       0x00000040   Zero   RW          420    .bss                usart.o
    0x2000016c        -       0x00000010   Zero   RW          537    .bss                inv_mpu_dmp_motion_driver.o
    0x2000017c        -       0x00000040   Zero   RW          731    .bss                usart3.o
    0x200001bc        -       0x0000012c   Zero   RW          763    .bss                tracking.o
    0x200002e8        -       0x00000400   Zero   RW          805    STACK               startup_stm32f10x_md.o


==============================================================================

Image component sizes


      Code (inc. data)   RO Data    RW Data    ZI Data      Debug   Object Name

      1684        260          0         68          0       4305   control.o
       212         18          0          4          0     207307   delay.o
       416         14          0          0          0       1521   encoder.o
        80          6          0          0          0        572   exti.o
      8840        198        157         53          0      24069   inv_mpu.o
      3440        126       3062          0         16      15507   inv_mpu_dmp_motion_driver.o
       236         28         96         48          0     242348   main.o
       220         22          0          0          0     207909   misc.o
       320         34          0          2          0       1701   motor.o
       872         18          0          0          0       4431   mpu6050.o
       580         14          0          0          0       2086   mpuiic.o
       172         10          0          0          0        756   pwm.o
        36          8        236          0       1024        860   startup_stm32f10x_md.o
       284         10          0          0          0       2455   stm32f10x_exti.o
       860         38          0          0          0       5933   stm32f10x_gpio.o
        26          0          0          0          0      45202   stm32f10x_it.o
       932         36          0         20          0       9212   stm32f10x_rcc.o
      3610         88          0          0          0      23040   stm32f10x_tim.o
      1032         22          0          0          0       8660   stm32f10x_usart.o
       126          0          0          0          0        566   sys.o
       480         38          0         20          0       2043   system_stm32f10x.o
      1736        134         32         40        300       6833   tracking.o
       884        210        151          5         64       4009   usart.o
      1024        112          0         28         64       4867   usart3.o

    ----------------------------------------------------------------------
     28108       1444       3772        296       1468     826192   Object Totals
         0          0         32          0          0          0   (incl. Generated)
         6          0          6          8          0          0   (incl. Padding)

    ----------------------------------------------------------------------

      Code (inc. data)   RO Data    RW Data    ZI Data      Debug   Library Member Name

       624         52         80          0          0        168   asin.o
       544         70        152          0          0        124   atan.o
       384         38          0          0          0        144   atan2.o
        38          6          0          0          0        272   dunder.o
        40          0          0          0          0         68   fpclassify.o
       170          0          0          0          0         96   poly.o
         0          0          8          0          0          0   qnan.o
        76          0          0          0          0         84   sqrt.o
        56          8          0          0          0         84   __0sscanf.o
        86          0          0          0          0          0   __dczerorl2.o
        28          0          0          0          0         68   _chval.o
       812          4          0          0          0        112   _scanf.o
       224          0          0          0          0         96   _scanf_str.o
        64          0          0          0          0         84   _sgetc.o
       158          0          0          0          0         92   _strtoul.o
        26          0          0          0          0         80   atoi.o
         8          4        133          0          0         68   ctype_o.o
         0          0          0          0          0          0   entry.o
         0          0          0          0          0          0   entry10a.o
         0          0          0          0          0          0   entry11a.o
         8          4          0          0          0          0   entry2.o
         4          0          0          0          0          0   entry5.o
         0          0          0          0          0          0   entry7b.o
         0          0          0          0          0          0   entry8b.o
         8          4          0          0          0          0   entry9a.o
        20         10          0          4          0        136   errno.o
        30          0          0          0          0          0   handlers.o
        36          8          0          0          0         68   init.o
        18          0          0          0          0         76   isspace_o.o
         0          0          0          0          0          0   iusefp.o
        98          0          0          0          0         84   ldiv.o
        30          0          0          0          0         68   llshl.o
        36          0          0          0          0         68   llsshr.o
        32          0          0          0          0         68   llushr.o
        26          0          0          0          0         80   memcmp.o
        36          0          0          0          0         68   memcpya.o
        36          0          0          0          0        108   memseta.o
      2258         90          0          0          0        452   printfa.o
        40          8          0          0          0         84   scanf_char.o
       878         12          0          0          0        216   scanf_fp.o
        28          0          0          0          0         76   strcmp.o
        14          0          0          0          0         68   strlen.o
       112          0          0          0          0         88   strtol.o
        44          0          0          0          0         80   uidiv.o
        98          0          0          0          0         92   uldiv.o
        48          0          0          0          0         68   cdrcmple.o
        20          0          0          0          0         68   cfcmple.o
        20          0          0          0          0         68   cfrcmple.o
        56          0          0          0          0         88   d2f.o
       334          0          0          0          0        148   dadd.o
       222          0          0          0          0        100   ddiv.o
       186          0          0          0          0        176   depilogue.o
        48          0          0          0          0         68   dfixul.o
        34          0          0          0          0         76   dflti.o
        24          0          0          0          0         76   dfltul.o
       228          0          0          0          0         96   dmul.o
        46          0          0          0          0         80   dscalb.o
       162          0          0          0          0        100   dsqrt.o
        38          0          0          0          0         68   f2d.o
       176          0          0          0          0        140   fadd.o
       124          0          0          0          0         88   fdiv.o
       110          0          0          0          0        168   fepilogue.o
        50          0          0          0          0         68   ffixi.o
        40          0          0          0          0         68   ffixui.o
        18          0          0          0          0         68   fflti.o
        10          0          0          0          0         68   ffltui.o
       100          0          0          0          0         76   fmul.o

    ----------------------------------------------------------------------
      9336        318        376          4          0       5644   Library Totals
        14          0          3          0          0          0   (incl. Padding)

    ----------------------------------------------------------------------

      Code (inc. data)   RO Data    RW Data    ZI Data      Debug   Library Name

      1876        166        240          0          0        956   m_ws.l
      5352        152        133          4          0       2664   mc_w.l
      2094          0          0          0          0       2024   mf_w.l

    ----------------------------------------------------------------------
      9336        318        376          4          0       5644   Library Totals

    ----------------------------------------------------------------------

==============================================================================


      Code (inc. data)   RO Data    RW Data    ZI Data      Debug   

     37444       1762       4148        300       1468     826764   Grand Totals
     37444       1762       4148         88       1468     826764   ELF Image Totals (compressed)
     37444       1762       4148         88          0          0   ROM Totals

==============================================================================

    Total RO  Size (Code + RO Data)                41592 (  40.62kB)
    Total RW  Size (RW Data + ZI Data)              1768 (   1.73kB)
    Total ROM Size (Code + RO Data + RW Data)      41680 (  40.70kB)

==============================================================================

